Archive member included to satisfy reference by file (symbol)

/usr/lib/gcc/arm-none-eabi/12.2.1/thumb/v6-m/nofp/libgcc.a(_dvmd_tls.o)
                              CMakeFiles/main.dir/home/duya25446/workspace/pico-sdk/src/rp2_common/pico_divider/divider.S.obj (__aeabi_idiv0)
/usr/lib/gcc/arm-none-eabi/12.2.1/../../../arm-none-eabi/lib/thumb/v6-m/nofp/libg.a(lib_a-atexit.o)
                              /usr/lib/gcc/arm-none-eabi/12.2.1/../../../arm-none-eabi/lib/thumb/v6-m/nofp/crt0.o (atexit)
/usr/lib/gcc/arm-none-eabi/12.2.1/../../../arm-none-eabi/lib/thumb/v6-m/nofp/libg.a(lib_a-calloc.o)
                              CMakeFiles/main.dir/home/duya25446/workspace/pico-sdk/src/rp2_common/pico_malloc/pico_malloc.c.obj (calloc)
/usr/lib/gcc/arm-none-eabi/12.2.1/../../../arm-none-eabi/lib/thumb/v6-m/nofp/libg.a(lib_a-callocr.o)
                              /usr/lib/gcc/arm-none-eabi/12.2.1/../../../arm-none-eabi/lib/thumb/v6-m/nofp/libg.a(lib_a-calloc.o) (_calloc_r)
/usr/lib/gcc/arm-none-eabi/12.2.1/../../../arm-none-eabi/lib/thumb/v6-m/nofp/libg.a(lib_a-fini.o)
                              /usr/lib/gcc/arm-none-eabi/12.2.1/../../../arm-none-eabi/lib/thumb/v6-m/nofp/crt0.o (__libc_fini_array)
/usr/lib/gcc/arm-none-eabi/12.2.1/../../../arm-none-eabi/lib/thumb/v6-m/nofp/libg.a(lib_a-impure.o)
                              /usr/lib/gcc/arm-none-eabi/12.2.1/../../../arm-none-eabi/lib/thumb/v6-m/nofp/libg.a(lib_a-calloc.o) (_impure_ptr)
/usr/lib/gcc/arm-none-eabi/12.2.1/../../../arm-none-eabi/lib/thumb/v6-m/nofp/libg.a(lib_a-init.o)
                              /usr/lib/gcc/arm-none-eabi/12.2.1/../../../arm-none-eabi/lib/thumb/v6-m/nofp/crt0.o (__libc_init_array)
/usr/lib/gcc/arm-none-eabi/12.2.1/../../../arm-none-eabi/lib/thumb/v6-m/nofp/libg.a(lib_a-malloc.o)
                              CMakeFiles/main.dir/home/duya25446/workspace/pico-sdk/src/rp2_common/pico_malloc/pico_malloc.c.obj (malloc)
/usr/lib/gcc/arm-none-eabi/12.2.1/../../../arm-none-eabi/lib/thumb/v6-m/nofp/libg.a(lib_a-mallocr.o)
                              /usr/lib/gcc/arm-none-eabi/12.2.1/../../../arm-none-eabi/lib/thumb/v6-m/nofp/libg.a(lib_a-callocr.o) (_malloc_r)
/usr/lib/gcc/arm-none-eabi/12.2.1/../../../arm-none-eabi/lib/thumb/v6-m/nofp/libg.a(lib_a-mlock.o)
                              /usr/lib/gcc/arm-none-eabi/12.2.1/../../../arm-none-eabi/lib/thumb/v6-m/nofp/libg.a(lib_a-mallocr.o) (__malloc_lock)
/usr/lib/gcc/arm-none-eabi/12.2.1/../../../arm-none-eabi/lib/thumb/v6-m/nofp/libg.a(lib_a-realloc.o)
                              CMakeFiles/main.dir/home/duya25446/workspace/pico-sdk/src/rp2_common/pico_malloc/pico_malloc.c.obj (realloc)
/usr/lib/gcc/arm-none-eabi/12.2.1/../../../arm-none-eabi/lib/thumb/v6-m/nofp/libg.a(lib_a-reallocr.o)
                              /usr/lib/gcc/arm-none-eabi/12.2.1/../../../arm-none-eabi/lib/thumb/v6-m/nofp/libg.a(lib_a-realloc.o) (_realloc_r)
/usr/lib/gcc/arm-none-eabi/12.2.1/../../../arm-none-eabi/lib/thumb/v6-m/nofp/libg.a(lib_a-sbrkr.o)
                              /usr/lib/gcc/arm-none-eabi/12.2.1/../../../arm-none-eabi/lib/thumb/v6-m/nofp/libg.a(lib_a-mallocr.o) (_sbrk_r)
/usr/lib/gcc/arm-none-eabi/12.2.1/../../../arm-none-eabi/lib/thumb/v6-m/nofp/libg.a(lib_a-strlen-stub.o)
                              CMakeFiles/main.dir/home/duya25446/workspace/pico-sdk/src/rp2_common/pico_stdio/stdio.c.obj (strlen)
/usr/lib/gcc/arm-none-eabi/12.2.1/../../../arm-none-eabi/lib/thumb/v6-m/nofp/libg.a(lib_a-__atexit.o)
                              /usr/lib/gcc/arm-none-eabi/12.2.1/../../../arm-none-eabi/lib/thumb/v6-m/nofp/libg.a(lib_a-atexit.o) (__register_exitproc)
/usr/lib/gcc/arm-none-eabi/12.2.1/../../../arm-none-eabi/lib/thumb/v6-m/nofp/libg.a(lib_a-freer.o)
                              /usr/lib/gcc/arm-none-eabi/12.2.1/../../../arm-none-eabi/lib/thumb/v6-m/nofp/libg.a(lib_a-malloc.o) (_free_r)
/usr/lib/gcc/arm-none-eabi/12.2.1/../../../arm-none-eabi/lib/thumb/v6-m/nofp/libg.a(lib_a-memmove.o)
                              /usr/lib/gcc/arm-none-eabi/12.2.1/../../../arm-none-eabi/lib/thumb/v6-m/nofp/libg.a(lib_a-reallocr.o) (memmove)
/usr/lib/gcc/arm-none-eabi/12.2.1/../../../arm-none-eabi/lib/thumb/v6-m/nofp/libg.a(lib_a-reent.o)
                              /usr/lib/gcc/arm-none-eabi/12.2.1/../../../arm-none-eabi/lib/thumb/v6-m/nofp/libg.a(lib_a-sbrkr.o) (errno)

Discarded input sections

 .text          0x0000000000000000        0x0 /usr/lib/gcc/arm-none-eabi/12.2.1/thumb/v6-m/nofp/crti.o
 .data          0x0000000000000000        0x0 /usr/lib/gcc/arm-none-eabi/12.2.1/thumb/v6-m/nofp/crti.o
 .bss           0x0000000000000000        0x0 /usr/lib/gcc/arm-none-eabi/12.2.1/thumb/v6-m/nofp/crti.o
 .data          0x0000000000000000        0x4 /usr/lib/gcc/arm-none-eabi/12.2.1/thumb/v6-m/nofp/crtbegin.o
 .rodata        0x0000000000000000       0x24 /usr/lib/gcc/arm-none-eabi/12.2.1/thumb/v6-m/nofp/crtbegin.o
[...]
Memory Configuration

Name             Origin             Length             Attributes
FLASH            0x0000000010000000 0x0000000000200000 xr
RAM              0x0000000020000000 0x0000000000040000 xrw
SCRATCH_X        0x0000000020040000 0x0000000000001000 xrw
SCRATCH_Y        0x0000000020041000 0x0000000000001000 xrw
*default*        0x0000000000000000 0xffffffffffffffff

Linker script and memory map

LOAD /usr/lib/gcc/arm-none-eabi/12.2.1/thumb/v6-m/nofp/crti.o
LOAD /usr/lib/gcc/arm-none-eabi/12.2.1/thumb/v6-m/nofp/crtbegin.o
LOAD /usr/lib/gcc/arm-none-eabi/12.2.1/../../../arm-none-eabi/lib/thumb/v6-m/nofp/crt0.o

.flash_begin    0x0000000010000000        0x0
                0x0000000010000000                __flash_binary_start = .

.boot2          0x0000000010000000      0x100
                0x0000000010000000                __boot2_start__ = .
 *(.boot2)
 .boot2         0x0000000010000000      0x100 /tmp/cckLq2py.o
                0x0000000010000100                __boot2_end__ = .
                0x0000000000000001                ASSERT (((__boot2_end__ - __boot2_start__) == 0x100), ERROR: Pico second stage bootloader must be 256 bytes in size)

.text           0x0000000010000100     0x4008
                0x0000000010000100                __logical_binary_start = .
 *(.vectors)
 .vectors       0x0000000010000100       0xd4 CMakeFiles/main.dir/home/duya25446/workspace/pico-sdk/src/rp2_common/pico_standard_link/crt0.S.obj
                0x0000000010000100                __vectors
                0x0000000010000100                __VECTOR_TABLE
                0x00000000100001c0                isr_invalid
                0x00000000100001c0                __default_isrs_start
                0x00000000100001c2                isr_nmi
                0x00000000100001c4                isr_hardfault
                0x00000000100001c6                isr_svcall
                0x00000000100001c8                isr_pendsv
                0x00000000100001ca                isr_systick
                0x00000000100001cc                isr_irq30
                0x00000000100001cc                __unhandled_user_irq
                0x00000000100001cc                isr_irq13
                0x00000000100001cc                isr_irq27
                0x00000000100001cc                isr_irq31
                0x00000000100001cc                isr_irq5
                0x00000000100001cc                isr_irq11
                0x00000000100001cc                isr_irq23
                0x00000000100001cc                isr_irq18
                0x00000000100001cc                isr_irq28
                0x00000000100001cc                isr_irq19
                0x00000000100001cc                isr_irq0
                0x00000000100001cc                isr_irq6
                0x00000000100001cc                isr_irq22
                0x00000000100001cc                isr_irq17
                0x00000000100001cc                isr_irq14
                0x00000000100001cc                isr_irq2
                0x00000000100001cc                isr_irq10
                0x00000000100001cc                isr_irq8
                0x00000000100001cc                isr_irq24
                0x00000000100001cc                isr_irq1
                0x00000000100001cc                isr_irq7
                0x00000000100001cc                isr_irq21
                0x00000000100001cc                isr_irq20
                0x00000000100001cc                isr_irq15
                0x00000000100001cc                isr_irq25
                0x00000000100001cc                isr_irq4
                0x00000000100001cc                isr_irq16
                0x00000000100001cc                isr_irq29
                0x00000000100001cc                isr_irq26
                0x00000000100001cc                __default_isrs_end
                0x00000000100001cc                isr_irq3
                0x00000000100001cc                isr_irq12
                0x00000000100001cc                isr_irq9
                0x00000000100001d2                unhandled_user_irq_num_in_r0
 *(.binary_info_header)
 .binary_info_header
                0x00000000100001d4       0x14 CMakeFiles/main.dir/home/duya25446/workspace/pico-sdk/src/rp2_common/pico_standard_link/crt0.S.obj
                0x00000000100001e8                __binary_info_header_end = .
 *(.reset)
 .reset         0x00000000100001e8       0xa0 CMakeFiles/main.dir/home/duya25446/workspace/pico-sdk/src/rp2_common/pico_standard_link/crt0.S.obj
                0x00000000100001e8                _entry_point
 .reset         0x0000000010000288       0x30 CMakeFiles/main.dir/home/duya25446/workspace/pico-sdk/src/rp2_common/pico_standard_link/binary_info.c.obj
 *(.init)
 .init          0x00000000100002b8        0x4 /usr/lib/gcc/arm-none-eabi/12.2.1/thumb/v6-m/nofp/crti.o
                0x00000000100002b8                _init
 *(EXCLUDE_FILE(*libm.a: *libc.a:*lib_a-mem*.o *libgcc.a:) .text*)
 .text          0x00000000100002bc       0x98 /usr/lib/gcc/arm-none-eabi/12.2.1/thumb/v6-m/nofp/crtbegin.o
 .text.main     0x0000000010000354       0x2e CMakeFiles/main.dir/main.c.obj
                0x0000000010000354                main
 *fill*         0x0000000010000382        0x2 
 .text.gpio_set_function
                0x0000000010000384       0x30 CMakeFiles/main.dir/home/duya25446/workspace/pico-sdk/src/rp2_common/hardware_gpio/gpio.c.obj
                0x0000000010000384                gpio_set_function
 .text.gpio_init
                0x00000000100003b4       0x16 CMakeFiles/main.dir/home/duya25446/workspace/pico-sdk/src/rp2_common/hardware_gpio/gpio.c.obj
                0x00000000100003b4                gpio_init
 .text.gpio_init_mask
                0x00000000100003ca       0x1e CMakeFiles/main.dir/home/duya25446/workspace/pico-sdk/src/rp2_common/hardware_gpio/gpio.c.obj
                0x00000000100003ca                gpio_init_mask
 .text.running_on_fpga
                0x00000000100003e8       0x14 CMakeFiles/main.dir/home/duya25446/workspace/pico-sdk/src/rp2_common/pico_platform/platform.c.obj
                0x00000000100003e8                running_on_fpga
 .text.hw_claim_lock
                0x00000000100003fc       0x18 CMakeFiles/main.dir/home/duya25446/workspace/pico-sdk/src/rp2_common/hardware_claim/claim.c.obj
                0x00000000100003fc                hw_claim_lock
 .text.hw_claim_unlock
                0x0000000010000414       0x14 CMakeFiles/main.dir/home/duya25446/workspace/pico-sdk/src/rp2_common/hardware_claim/claim.c.obj
                0x0000000010000414                hw_claim_unlock
 .text.hw_claim_or_assert
                0x0000000010000428       0x32 CMakeFiles/main.dir/home/duya25446/workspace/pico-sdk/src/rp2_common/hardware_claim/claim.c.obj
                0x0000000010000428                hw_claim_or_assert
 *fill*         0x000000001000045a        0x2 
 .text.spin_locks_reset
                0x000000001000045c       0x20 CMakeFiles/main.dir/home/duya25446/workspace/pico-sdk/src/rp2_common/hardware_sync/sync.c.obj
                0x000000001000045c                spin_locks_reset
 .text.next_striped_spin_lock_num
                0x000000001000047c       0x1c CMakeFiles/main.dir/home/duya25446/workspace/pico-sdk/src/rp2_common/hardware_sync/sync.c.obj
                0x000000001000047c                next_striped_spin_lock_num
 .text.set_raw_irq_handler_and_unlock
                0x0000000010000498       0x28 CMakeFiles/main.dir/home/duya25446/workspace/pico-sdk/src/rp2_common/hardware_irq/irq.c.obj
 .text.resolve_branch
                0x00000000100004c0       0x30 CMakeFiles/main.dir/home/duya25446/workspace/pico-sdk/src/rp2_common/hardware_irq/irq.c.obj
 .text.make_branch
                0x00000000100004f0       0x48 CMakeFiles/main.dir/home/duya25446/workspace/pico-sdk/src/rp2_common/hardware_irq/irq.c.obj
 .text.insert_branch_and_link
                0x0000000010000538       0x40 CMakeFiles/main.dir/home/duya25446/workspace/pico-sdk/src/rp2_common/hardware_irq/irq.c.obj
 .text.irq_is_enabled
                0x0000000010000578       0x18 CMakeFiles/main.dir/home/duya25446/workspace/pico-sdk/src/rp2_common/hardware_irq/irq.c.obj
                0x0000000010000578                irq_is_enabled
 .text.irq_set_mask_enabled
                0x0000000010000590       0x20 CMakeFiles/main.dir/home/duya25446/workspace/pico-sdk/src/rp2_common/hardware_irq/irq.c.obj
                0x0000000010000590                irq_set_mask_enabled
 .text.irq_set_enabled
                0x00000000100005b0        0xe CMakeFiles/main.dir/home/duya25446/workspace/pico-sdk/src/rp2_common/hardware_irq/irq.c.obj
                0x00000000100005b0                irq_set_enabled
 *fill*         0x00000000100005be        0x2 
 .text.irq_get_vtable_handler
                0x00000000100005c0       0x10 CMakeFiles/main.dir/home/duya25446/workspace/pico-sdk/src/rp2_common/hardware_irq/irq.c.obj
                0x00000000100005c0                irq_get_vtable_handler
 .text.irq_set_exclusive_handler
                0x00000000100005d0       0x54 CMakeFiles/main.dir/home/duya25446/workspace/pico-sdk/src/rp2_common/hardware_irq/irq.c.obj
                0x00000000100005d0                irq_set_exclusive_handler
 .text.irq_remove_handler
                0x0000000010000624      0x188 CMakeFiles/main.dir/home/duya25446/workspace/pico-sdk/src/rp2_common/hardware_irq/irq.c.obj
                0x0000000010000624                irq_remove_handler
 .text.irq_add_tail_to_free_list
                0x00000000100007ac       0xf0 CMakeFiles/main.dir/home/duya25446/workspace/pico-sdk/src/rp2_common/hardware_irq/irq.c.obj
                0x00000000100007ac                irq_add_tail_to_free_list
 .text.irq_init_priorities
                0x000000001000089c       0x1c CMakeFiles/main.dir/home/duya25446/workspace/pico-sdk/src/rp2_common/hardware_irq/irq.c.obj
                0x000000001000089c                irq_init_priorities
 .text.lock_init
                0x00000000100008b8       0x10 CMakeFiles/main.dir/home/duya25446/workspace/pico-sdk/src/common/pico_sync/lock_core.c.obj
                0x00000000100008b8                lock_init
 .text.mutex_init
                0x00000000100008c8       0x1a CMakeFiles/main.dir/home/duya25446/workspace/pico-sdk/src/common/pico_sync/mutex.c.obj
                0x00000000100008c8                mutex_init
 .text.recursive_mutex_init
                0x00000000100008e2       0x1e CMakeFiles/main.dir/home/duya25446/workspace/pico-sdk/src/common/pico_sync/mutex.c.obj
                0x00000000100008e2                recursive_mutex_init
 .text.time_reached
                0x0000000010000900       0x28 CMakeFiles/main.dir/home/duya25446/workspace/pico-sdk/src/common/pico_time/time.c.obj
 .text.get_entry
                0x0000000010000928       0x38 CMakeFiles/main.dir/home/duya25446/workspace/pico-sdk/src/common/pico_time/time.c.obj
 .text.timer_pool_entry_comparator
                0x0000000010000960       0x2e CMakeFiles/main.dir/home/duya25446/workspace/pico-sdk/src/common/pico_time/time.c.obj
                0x0000000010000960                timer_pool_entry_comparator
 *fill*         0x000000001000098e        0x2 
 .text.update_us_since_boot
                0x0000000010000990       0x24 CMakeFiles/main.dir/home/duya25446/workspace/pico-sdk/src/common/pico_time/time.c.obj
 .text.delayed_by_us
                0x00000000100009b4       0x34 CMakeFiles/main.dir/home/duya25446/workspace/pico-sdk/src/common/pico_time/time.c.obj
 .text.ph_get_node
                0x00000000100009e8       0x30 CMakeFiles/main.dir/home/duya25446/workspace/pico-sdk/src/common/pico_time/time.c.obj
 .text.ph_contains_node
                0x0000000010000a18       0x1e CMakeFiles/main.dir/home/duya25446/workspace/pico-sdk/src/common/pico_time/time.c.obj
 .text.ph_new_node
                0x0000000010000a36       0x28 CMakeFiles/main.dir/home/duya25446/workspace/pico-sdk/src/common/pico_time/time.c.obj
 *fill*         0x0000000010000a5e        0x2 
 .text.ph_add_child_node
                0x0000000010000a60       0x6c CMakeFiles/main.dir/home/duya25446/workspace/pico-sdk/src/common/pico_time/time.c.obj
 .text.ph_merge_nodes
                0x0000000010000acc       0x3e CMakeFiles/main.dir/home/duya25446/workspace/pico-sdk/src/common/pico_time/time.c.obj
 *fill*         0x0000000010000b0a        0x2 
 .text.ph_insert_node
                0x0000000010000b0c       0x3c CMakeFiles/main.dir/home/duya25446/workspace/pico-sdk/src/common/pico_time/time.c.obj
 .text.ph_free_node
                0x0000000010000b48       0x5c CMakeFiles/main.dir/home/duya25446/workspace/pico-sdk/src/common/pico_time/time.c.obj
 .text.get_entry_id_high
                0x0000000010000ba4       0x30 CMakeFiles/main.dir/home/duya25446/workspace/pico-sdk/src/common/pico_time/time.c.obj
 .text.alarm_pool_post_alloc_init
                0x0000000010000bd4       0x40 CMakeFiles/main.dir/home/duya25446/workspace/pico-sdk/src/common/pico_time/time.c.obj
 .text.sleep_until_callback
                0x0000000010000c14       0x30 CMakeFiles/main.dir/home/duya25446/workspace/pico-sdk/src/common/pico_time/time.c.obj
 .text.get_absolute_time
                0x0000000010000c44       0x22 CMakeFiles/main.dir/home/duya25446/workspace/pico-sdk/src/common/pico_time/time.c.obj
 .text.make_timeout_time_us
                0x0000000010000c66       0x24 CMakeFiles/main.dir/home/duya25446/workspace/pico-sdk/src/common/pico_time/time.c.obj
 *fill*         0x0000000010000c8a        0x2 
 .text.add_alarm_under_lock
                0x0000000010000c8c       0x94 CMakeFiles/main.dir/home/duya25446/workspace/pico-sdk/src/common/pico_time/time.c.obj
 .text.alarm_pool_alarm_callback
                0x0000000010000d20      0x210 CMakeFiles/main.dir/home/duya25446/workspace/pico-sdk/src/common/pico_time/time.c.obj
 .text.alarm_pool_init_default
                0x0000000010000f30       0x40 CMakeFiles/main.dir/home/duya25446/workspace/pico-sdk/src/common/pico_time/time.c.obj
                0x0000000010000f30                alarm_pool_init_default
 .text.alarm_pool_get_default
                0x0000000010000f70       0x2c CMakeFiles/main.dir/home/duya25446/workspace/pico-sdk/src/common/pico_time/time.c.obj
                0x0000000010000f70                alarm_pool_get_default
 .text.alarm_pool_add_alarm_at
                0x0000000010000f9c      0x10e CMakeFiles/main.dir/home/duya25446/workspace/pico-sdk/src/common/pico_time/time.c.obj
                0x0000000010000f9c                alarm_pool_add_alarm_at
 .text.add_alarm_at
                0x00000000100010aa       0x2e CMakeFiles/main.dir/home/duya25446/workspace/pico-sdk/src/common/pico_time/time.c.obj
 .text.alarm_pool_cancel_alarm
                0x00000000100010d8       0xa8 CMakeFiles/main.dir/home/duya25446/workspace/pico-sdk/src/common/pico_time/time.c.obj
                0x00000000100010d8                alarm_pool_cancel_alarm
 .text.cancel_alarm
                0x0000000010001180       0x10 CMakeFiles/main.dir/home/duya25446/workspace/pico-sdk/src/common/pico_time/time.c.obj
 .text.sleep_until
                0x0000000010001190       0xb0 CMakeFiles/main.dir/home/duya25446/workspace/pico-sdk/src/common/pico_time/time.c.obj
                0x0000000010001190                sleep_until
 .text.sleep_us
                0x0000000010001240       0x1a CMakeFiles/main.dir/home/duya25446/workspace/pico-sdk/src/common/pico_time/time.c.obj
                0x0000000010001240                sleep_us
 .text.sleep_ms
                0x000000001000125a       0x14 CMakeFiles/main.dir/home/duya25446/workspace/pico-sdk/src/common/pico_time/time.c.obj
                0x000000001000125a                sleep_ms
 *fill*         0x000000001000126e        0x2 
 .text.best_effort_wfe_or_timeout
                0x0000000010001270       0x44 CMakeFiles/main.dir/home/duya25446/workspace/pico-sdk/src/common/pico_time/time.c.obj
                0x0000000010001270                best_effort_wfe_or_timeout
 .text.hardware_alarm_irq_handler
                0x00000000100012b4       0x8c CMakeFiles/main.dir/home/duya25446/workspace/pico-sdk/src/rp2_common/hardware_timer/timer.c.obj
 .text.hardware_alarm_claim
                0x0000000010001340       0x18 CMakeFiles/main.dir/home/duya25446/workspace/pico-sdk/src/rp2_common/hardware_timer/timer.c.obj
                0x0000000010001340                hardware_alarm_claim
 .text.time_us_64
                0x0000000010001358       0x18 CMakeFiles/main.dir/home/duya25446/workspace/pico-sdk/src/rp2_common/hardware_timer/timer.c.obj
                0x0000000010001358                time_us_64
 .text.busy_wait_until
                0x0000000010001370       0x28 CMakeFiles/main.dir/home/duya25446/workspace/pico-sdk/src/rp2_common/hardware_timer/timer.c.obj
                0x0000000010001370                busy_wait_until
 .text.hardware_alarm_set_callback
                0x0000000010001398       0x90 CMakeFiles/main.dir/home/duya25446/workspace/pico-sdk/src/rp2_common/hardware_timer/timer.c.obj
                0x0000000010001398                hardware_alarm_set_callback
 .text.hardware_alarm_set_target
                0x0000000010001428       0xe8 CMakeFiles/main.dir/home/duya25446/workspace/pico-sdk/src/rp2_common/hardware_timer/timer.c.obj
                0x0000000010001428                hardware_alarm_set_target
 .text.hardware_alarm_cancel
                0x0000000010001510       0x40 CMakeFiles/main.dir/home/duya25446/workspace/pico-sdk/src/rp2_common/hardware_timer/timer.c.obj
                0x0000000010001510                hardware_alarm_cancel
 .text.ph_get_node
                0x0000000010001550       0x30 CMakeFiles/main.dir/home/duya25446/workspace/pico-sdk/src/common/pico_util/pheap.c.obj
 .text.ph_add_child_node
                0x0000000010001580       0x6c CMakeFiles/main.dir/home/duya25446/workspace/pico-sdk/src/common/pico_util/pheap.c.obj
 .text.ph_merge_nodes
                0x00000000100015ec       0x3e CMakeFiles/main.dir/home/duya25446/workspace/pico-sdk/src/common/pico_util/pheap.c.obj
 .text.ph_clear
                0x000000001000162a       0x34 CMakeFiles/main.dir/home/duya25446/workspace/pico-sdk/src/common/pico_util/pheap.c.obj
                0x000000001000162a                ph_clear
 .text.ph_post_alloc_init
                0x000000001000165e        0xe CMakeFiles/main.dir/home/duya25446/workspace/pico-sdk/src/common/pico_util/pheap.c.obj
                0x000000001000165e                ph_post_alloc_init
 .text.ph_merge_two_pass
                0x000000001000166c       0x5c CMakeFiles/main.dir/home/duya25446/workspace/pico-sdk/src/common/pico_util/pheap.c.obj
                0x000000001000166c                ph_merge_two_pass
 .text.ph_remove_any_head
                0x00000000100016c8       0xc0 CMakeFiles/main.dir/home/duya25446/workspace/pico-sdk/src/common/pico_util/pheap.c.obj
 .text.ph_remove_head
                0x0000000010001788       0x14 CMakeFiles/main.dir/home/duya25446/workspace/pico-sdk/src/common/pico_util/pheap.c.obj
                0x0000000010001788                ph_remove_head
 .text.ph_remove_and_free_node
                0x000000001000179c       0xa0 CMakeFiles/main.dir/home/duya25446/workspace/pico-sdk/src/common/pico_util/pheap.c.obj
                0x000000001000179c                ph_remove_and_free_node
 .text.clock_configure
                0x000000001000183c      0x108 CMakeFiles/main.dir/home/duya25446/workspace/pico-sdk/src/rp2_common/hardware_clocks/clocks.c.obj
                0x000000001000183c                clock_configure
 .text.clocks_init
                0x0000000010001944      0x100 CMakeFiles/main.dir/home/duya25446/workspace/pico-sdk/src/rp2_common/hardware_clocks/clocks.c.obj
                0x0000000010001944                clocks_init
 .text.pll_init
                0x0000000010001a44      0x120 CMakeFiles/main.dir/home/duya25446/workspace/pico-sdk/src/rp2_common/hardware_pll/pll.c.obj
                0x0000000010001a44                pll_init
 .text.watchdog_start_tick
                0x0000000010001b64       0x10 CMakeFiles/main.dir/home/duya25446/workspace/pico-sdk/src/rp2_common/hardware_watchdog/watchdog.c.obj
                0x0000000010001b64                watchdog_start_tick
 .text.xosc_init
                0x0000000010001b74       0x28 CMakeFiles/main.dir/home/duya25446/workspace/pico-sdk/src/rp2_common/hardware_xosc/xosc.c.obj
                0x0000000010001b74                xosc_init
 .text._exit    0x0000000010001b9c        0x4 CMakeFiles/main.dir/home/duya25446/workspace/pico-sdk/src/rp2_common/pico_runtime/runtime.c.obj
                0x0000000010001b9c                _exit
 .text.exit     0x0000000010001ba0        0x6 CMakeFiles/main.dir/home/duya25446/workspace/pico-sdk/src/rp2_common/pico_runtime/runtime.c.obj
                0x0000000010001ba0                exit
 *fill*         0x0000000010001ba6        0x2 
 .text.__assert_func
                0x0000000010001ba8       0x38 CMakeFiles/main.dir/home/duya25446/workspace/pico-sdk/src/rp2_common/pico_runtime/runtime.c.obj
                0x0000000010001ba8                __assert_func
 .text.runtime_init
                0x0000000010001be0       0xf8 CMakeFiles/main.dir/home/duya25446/workspace/pico-sdk/src/rp2_common/pico_runtime/runtime.c.obj
                0x0000000010001be0                runtime_init
 .text.panic    0x0000000010001cd8       0x30 CMakeFiles/main.dir/home/duya25446/workspace/pico-sdk/src/rp2_common/pico_runtime/runtime.c.obj
                0x0000000010001cd8                panic
 .text._out_null
                0x0000000010001d08        0x2 CMakeFiles/main.dir/home/duya25446/workspace/pico-sdk/src/rp2_common/pico_printf/printf.c.obj
 .text._out_fct
                0x0000000010001d0a        0xe CMakeFiles/main.dir/home/duya25446/workspace/pico-sdk/src/rp2_common/pico_printf/printf.c.obj
 .text._atoi    0x0000000010001d18       0x24 CMakeFiles/main.dir/home/duya25446/workspace/pico-sdk/src/rp2_common/pico_printf/printf.c.obj
 .text._out_rev
                0x0000000010001d3c       0xae CMakeFiles/main.dir/home/duya25446/workspace/pico-sdk/src/rp2_common/pico_printf/printf.c.obj
 .text._ntoa_format
                0x0000000010001dea      0x110 CMakeFiles/main.dir/home/duya25446/workspace/pico-sdk/src/rp2_common/pico_printf/printf.c.obj
 .text._ntoa_long
                0x0000000010001efa       0xbc CMakeFiles/main.dir/home/duya25446/workspace/pico-sdk/src/rp2_common/pico_printf/printf.c.obj
 .text._ntoa_long_long
                0x0000000010001fb6      0x10e CMakeFiles/main.dir/home/duya25446/workspace/pico-sdk/src/rp2_common/pico_printf/printf.c.obj
 .text._etoa    0x00000000100020c4      0x420 CMakeFiles/main.dir/home/duya25446/workspace/pico-sdk/src/rp2_common/pico_printf/printf.c.obj
 .text._ftoa    0x00000000100024e4      0x354 CMakeFiles/main.dir/home/duya25446/workspace/pico-sdk/src/rp2_common/pico_printf/printf.c.obj
 .text._vsnprintf
                0x0000000010002838      0x65c CMakeFiles/main.dir/home/duya25446/workspace/pico-sdk/src/rp2_common/pico_printf/printf.c.obj
 .text.vfctprintf
                0x0000000010002e94       0x20 CMakeFiles/main.dir/home/duya25446/workspace/pico-sdk/src/rp2_common/pico_printf/printf.c.obj
                0x0000000010002e94                vfctprintf
 .text          0x0000000010002eb4       0x10 CMakeFiles/main.dir/home/duya25446/workspace/pico-sdk/src/rp2_common/pico_bit_ops/bit_ops_aeabi.S.obj
 .text.rom_func_lookup
                0x0000000010002ec4       0x10 CMakeFiles/main.dir/home/duya25446/workspace/pico-sdk/src/rp2_common/pico_bootrom/bootrom.c.obj
                0x0000000010002ec4                rom_func_lookup
 .text.rom_data_lookup
                0x0000000010002ed4       0x10 CMakeFiles/main.dir/home/duya25446/workspace/pico-sdk/src/rp2_common/pico_bootrom/bootrom.c.obj
                0x0000000010002ed4                rom_data_lookup
 .text.rom_funcs_lookup
                0x0000000010002ee4       0x36 CMakeFiles/main.dir/home/duya25446/workspace/pico-sdk/src/rp2_common/pico_bootrom/bootrom.c.obj
                0x0000000010002ee4                rom_funcs_lookup
 *fill*         0x0000000010002f1a        0x2 
 .text.__wrap___aeabi_idiv
                0x0000000010002f1c       0x50 CMakeFiles/main.dir/home/duya25446/workspace/pico-sdk/src/rp2_common/pico_divider/divider.S.obj
                0x0000000010002f1c                __wrap___aeabi_idivmod
                0x0000000010002f1c                divmod_s32s32
                0x0000000010002f1c                div_s32s32
                0x0000000010002f1c                __wrap___aeabi_idiv
                0x0000000010002f24                divmod_s32s32_unsafe
                0x0000000010002f50                divmod_s32s32_savestate
 .text.__wrap___aeabi_uidiv
                0x0000000010002f6c       0x4c CMakeFiles/main.dir/home/duya25446/workspace/pico-sdk/src/rp2_common/pico_divider/divider.S.obj
                0x0000000010002f6c                __wrap___aeabi_uidiv
                0x0000000010002f6c                __wrap___aeabi_uidivmod
                0x0000000010002f6c                div_u32u32
                0x0000000010002f6c                divmod_u32u32
                0x0000000010002f74                divmod_u32u32_unsafe
                0x0000000010002f9c                divmod_u32u32_savestate
 .text.__wrap___aeabi_ldiv
                0x0000000010002fb8      0x424 CMakeFiles/main.dir/home/duya25446/workspace/pico-sdk/src/rp2_common/pico_divider/divider.S.obj
                0x0000000010002fb8                div_s64s64
                0x0000000010002fb8                divmod_s64s64
                0x0000000010002fb8                __wrap___aeabi_ldivmod
                0x0000000010002fe8                div_u64u64
                0x0000000010002fe8                divmod_u64u64
                0x0000000010002fe8                __wrap___aeabi_uldivmod
                0x0000000010002ff8                divmod_u64u64_savestate
                0x0000000010003018                divmod_s64s64_unsafe
                0x00000000100030a0                divmod_u64u64_unsafe
 .text.__wrap___aeabi_darithmetic
                0x00000000100033dc       0x80 CMakeFiles/main.dir/home/duya25446/workspace/pico-sdk/src/rp2_common/pico_double/double_aeabi.S.obj
                0x00000000100033dc                __wrap___aeabi_drsub
                0x00000000100033e2                __wrap___aeabi_dsub
                0x00000000100033f4                __wrap___aeabi_dadd
                0x0000000010003406                __wrap___aeabi_ddiv
                0x0000000010003442                __wrap___aeabi_dmul
 .text.__wrap___aeabi_cdcmple
                0x000000001000345c       0x6c CMakeFiles/main.dir/home/duya25446/workspace/pico-sdk/src/rp2_common/pico_double/double_aeabi.S.obj
                0x000000001000345c                __wrap___aeabi_cdrcmple
                0x000000001000346c                __wrap___aeabi_cdcmple
                0x000000001000346c                __wrap___aeabi_cdcmpeq
 .text.__wrap___aeabi_dcmplt
                0x00000000100034c8        0xc CMakeFiles/main.dir/home/duya25446/workspace/pico-sdk/src/rp2_common/pico_double/double_aeabi.S.obj
                0x00000000100034c8                __wrap___aeabi_dcmplt
 .text.__wrap___aeabi_dcmple
                0x00000000100034d4       0x10 CMakeFiles/main.dir/home/duya25446/workspace/pico-sdk/src/rp2_common/pico_double/double_aeabi.S.obj
                0x00000000100034d4                __wrap___aeabi_dcmple
 .text.__wrap___aeabi_dcmpge
                0x00000000100034e4       0x10 CMakeFiles/main.dir/home/duya25446/workspace/pico-sdk/src/rp2_common/pico_double/double_aeabi.S.obj
                0x00000000100034e4                __wrap___aeabi_dcmpge
 .text.__wrap___aeabi_dcmpgt
                0x00000000100034f4        0xa CMakeFiles/main.dir/home/duya25446/workspace/pico-sdk/src/rp2_common/pico_double/double_aeabi.S.obj
                0x00000000100034f4                __wrap___aeabi_dcmpgt
 .text.__wrap___aeabi_dcmpun
                0x00000000100034fe       0x1c CMakeFiles/main.dir/home/duya25446/workspace/pico-sdk/src/rp2_common/pico_double/double_aeabi.S.obj
                0x00000000100034fe                __wrap___aeabi_dcmpun
 *fill*         0x000000001000351a        0x2 
 .text.__wrap___aeabi_i2d
                0x000000001000351c       0x38 CMakeFiles/main.dir/home/duya25446/workspace/pico-sdk/src/rp2_common/pico_double/double_aeabi.S.obj
                0x000000001000351c                __wrap___aeabi_ui2d
                0x0000000010003524                __wrap___aeabi_i2d
 .text.__wrap___aeabi_d2iz
                0x0000000010003554       0x48 CMakeFiles/main.dir/home/duya25446/workspace/pico-sdk/src/rp2_common/pico_double/double_aeabi.S.obj
                0x0000000010003554                __wrap___aeabi_d2iz
                0x0000000010003554                double2int_z
 .text.__wrap___aeabi_d2uiz
                0x000000001000359c       0x18 CMakeFiles/main.dir/home/duya25446/workspace/pico-sdk/src/rp2_common/pico_double/double_aeabi.S.obj
                0x000000001000359c                double2uint
                0x000000001000359c                __wrap___aeabi_d2uiz
 .text.__aeabi_double_init
                0x00000000100035b4       0xcc CMakeFiles/main.dir/home/duya25446/workspace/pico-sdk/src/rp2_common/pico_double/double_init_rom.c.obj
                0x00000000100035b4                __aeabi_double_init
 .text.double_table_shim_on_use_helper
                0x0000000010003680       0x34 CMakeFiles/main.dir/home/duya25446/workspace/pico-sdk/src/rp2_common/pico_double/double_v1_rom_shim.S.obj
                0x0000000010003680                double_table_shim_on_use_helper
 .text.__wrap___aeabi_dsub
                0x00000000100036b4       0x10 CMakeFiles/main.dir/home/duya25446/workspace/pico-sdk/src/rp2_common/pico_double/double_v1_rom_shim.S.obj
                0x00000000100036b4                drsub_shim
                0x00000000100036ba                dsub_shim
 .text.dadd_shim
                0x00000000100036c4      0x15c CMakeFiles/main.dir/home/duya25446/workspace/pico-sdk/src/rp2_common/pico_double/double_v1_rom_shim.S.obj
                0x00000000100036c4                dadd_shim
 .text.dmul_shim
                0x0000000010003820      0x15c CMakeFiles/main.dir/home/duya25446/workspace/pico-sdk/src/rp2_common/pico_double/double_v1_rom_shim.S.obj
                0x0000000010003820                dmul_shim
 .text.ddiv_shim
                0x000000001000397c      0x1b0 CMakeFiles/main.dir/home/duya25446/workspace/pico-sdk/src/rp2_common/pico_double/double_v1_rom_shim.S.obj
                0x000000001000397c                ddiv_shim
 .text.double2uint_shim
                0x0000000010003b2c        0xe CMakeFiles/main.dir/home/duya25446/workspace/pico-sdk/src/rp2_common/pico_double/double_v1_rom_shim.S.obj
                0x0000000010003b2c                double2uint_shim
                0x0000000010003b2e                double2ufix_shim
 *fill*         0x0000000010003b3a        0x2 
 .text.double2uint64_shim
                0x0000000010003b3c       0x70 CMakeFiles/main.dir/home/duya25446/workspace/pico-sdk/src/rp2_common/pico_double/double_v1_rom_shim.S.obj
                0x0000000010003b3c                double2uint64_shim
                0x0000000010003b3e                double2ufix64_shim
                0x0000000010003b5e                d2fix_a
 .text.dunpacks
                0x0000000010003bac       0x3c CMakeFiles/main.dir/home/duya25446/workspace/pico-sdk/src/rp2_common/pico_double/double_v1_rom_shim.S.obj
                0x0000000010003bac                dunpacks
 .text.__aeabi_lmul
                0x0000000010003be8       0x32 CMakeFiles/main.dir/home/duya25446/workspace/pico-sdk/src/rp2_common/pico_int64_ops/pico_int64_ops_aeabi.S.obj
                0x0000000010003be8                __wrap___aeabi_lmul
 *fill*         0x0000000010003c1a        0x2 
 .text.__aeabi_float_init
                0x0000000010003c1c       0xfc CMakeFiles/main.dir/home/duya25446/workspace/pico-sdk/src/rp2_common/pico_float/float_init_rom.c.obj
                0x0000000010003c1c                __aeabi_float_init
 .text.float_table_shim_on_use_helper
                0x0000000010003d18       0x34 CMakeFiles/main.dir/home/duya25446/workspace/pico-sdk/src/rp2_common/pico_float/float_v1_rom_shim.S.obj
                0x0000000010003d18                float_table_shim_on_use_helper
 .text          0x0000000010003d4c       0x10 CMakeFiles/main.dir/home/duya25446/workspace/pico-sdk/src/rp2_common/pico_mem_ops/mem_ops_aeabi.S.obj
                0x0000000010003d4c                __aeabi_mem_init
 .text.memcpy   0x0000000010003d5c        0xc CMakeFiles/main.dir/home/duya25446/workspace/pico-sdk/src/rp2_common/pico_mem_ops/mem_ops_aeabi.S.obj
                0x0000000010003d5c                __wrap___aeabi_memcpy
                0x0000000010003d5c                __wrap_memcpy
 .text.stdio_out_chars_no_crlf
                0x0000000010003d68        0xe CMakeFiles/main.dir/home/duya25446/workspace/pico-sdk/src/rp2_common/pico_stdio/stdio.c.obj
 *fill*         0x0000000010003d76        0x2 
 .text.stdio_out_chars_crlf
                0x0000000010003d78       0x80 CMakeFiles/main.dir/home/duya25446/workspace/pico-sdk/src/rp2_common/pico_stdio/stdio.c.obj
 .text.stdio_stack_buffer_flush
                0x0000000010003df8       0x44 CMakeFiles/main.dir/home/duya25446/workspace/pico-sdk/src/rp2_common/pico_stdio/stdio.c.obj
 .text.stdio_buffered_printer
                0x0000000010003e3c       0x20 CMakeFiles/main.dir/home/duya25446/workspace/pico-sdk/src/rp2_common/pico_stdio/stdio.c.obj
 .text.update_us_since_boot
                0x0000000010003e5c       0x24 CMakeFiles/main.dir/home/duya25446/workspace/pico-sdk/src/rp2_common/pico_stdio/stdio.c.obj
 .text.get_absolute_time
                0x0000000010003e80       0x22 CMakeFiles/main.dir/home/duya25446/workspace/pico-sdk/src/rp2_common/pico_stdio/stdio.c.obj
 *fill*         0x0000000010003ea2        0x2 
 .text.delayed_by_ms
                0x0000000010003ea4       0x44 CMakeFiles/main.dir/home/duya25446/workspace/pico-sdk/src/rp2_common/pico_stdio/stdio.c.obj
 .text.make_timeout_time_ms
                0x0000000010003ee8       0x20 CMakeFiles/main.dir/home/duya25446/workspace/pico-sdk/src/rp2_common/pico_stdio/stdio.c.obj
 .text.stdout_serialize_begin
                0x0000000010003f08       0x20 CMakeFiles/main.dir/home/duya25446/workspace/pico-sdk/src/rp2_common/pico_stdio/stdio.c.obj
                0x0000000010003f08                stdout_serialize_begin
 .text.stdout_serialize_end
                0x0000000010003f28       0x10 CMakeFiles/main.dir/home/duya25446/workspace/pico-sdk/src/rp2_common/pico_stdio/stdio.c.obj
                0x0000000010003f28                stdout_serialize_end
 .text.stdio_put_string
                0x0000000010003f38       0x98 CMakeFiles/main.dir/home/duya25446/workspace/pico-sdk/src/rp2_common/pico_stdio/stdio.c.obj
 .text.stdio_flush
                0x0000000010003fd0       0x20 CMakeFiles/main.dir/home/duya25446/workspace/pico-sdk/src/rp2_common/pico_stdio/stdio.c.obj
                0x0000000010003fd0                stdio_flush
 .text.__wrap_puts
                0x0000000010003ff0       0x1e CMakeFiles/main.dir/home/duya25446/workspace/pico-sdk/src/rp2_common/pico_stdio/stdio.c.obj
                0x0000000010003ff0                __wrap_puts
 *fill*         0x000000001000400e        0x2 
 .text.__wrap_vprintf
                0x0000000010004010       0x40 CMakeFiles/main.dir/home/duya25446/workspace/pico-sdk/src/rp2_common/pico_stdio/stdio.c.obj
                0x0000000010004010                __wrap_vprintf
 .text.__wrap_printf
                0x0000000010004050       0x18 CMakeFiles/main.dir/home/duya25446/workspace/pico-sdk/src/rp2_common/pico_stdio/stdio.c.obj
                0x0000000010004050                __wrap_printf
 .text          0x0000000010004068       0x5c /usr/lib/gcc/arm-none-eabi/12.2.1/../../../arm-none-eabi/lib/thumb/v6-m/nofp/libg.a(lib_a-strlen-stub.o)
                0x0000000010004068                strlen
 *(.fini)
 .fini          0x00000000100040c4        0x4 /usr/lib/gcc/arm-none-eabi/12.2.1/thumb/v6-m/nofp/crti.o
                0x00000000100040c4                _fini
 .fini.__stub   0x00000000100040c8       0x40 linker stubs
 *crtbegin.o(.ctors)
 *crtbegin?.o(.ctors)
 *(EXCLUDE_FILE(*crtend.o *crtend?.o) .ctors)
 *(SORT_BY_NAME(.ctors.*))
 *(.ctors)
 *crtbegin.o(.dtors)
 *crtbegin?.o(.dtors)
 *(EXCLUDE_FILE(*crtend.o *crtend?.o) .dtors)
 *(SORT_BY_NAME(.dtors.*))
 *(.dtors)
 *(.eh_frame*)
 .eh_frame      0x0000000010004108        0x0 /usr/lib/gcc/arm-none-eabi/12.2.1/thumb/v6-m/nofp/crtbegin.o
                0x0000000010004108                . = ALIGN (0x4)

.glue_7         0x0000000010004108        0x0
 .glue_7        0x0000000010004108        0x0 linker stubs

.glue_7t        0x0000000010004108        0x0
 .glue_7t       0x0000000010004108        0x0 linker stubs

.vfp11_veneer   0x0000000010004108        0x0
 .vfp11_veneer  0x0000000010004108        0x0 linker stubs

.v4_bx          0x0000000010004108        0x0
 .v4_bx         0x0000000010004108        0x0 linker stubs

.iplt           0x0000000010004108        0x0
 .iplt          0x0000000010004108        0x0 /usr/lib/gcc/arm-none-eabi/12.2.1/thumb/v6-m/nofp/crtbegin.o

.rodata         0x0000000010004108      0xe2c
 *(EXCLUDE_FILE(*libm.a: *libc.a:*lib_a-mem*.o *libgcc.a:) .rodata*)
 .rodata.resolve_branch.str1.4
                0x0000000010004108       0x5d CMakeFiles/main.dir/home/duya25446/workspace/pico-sdk/src/rp2_common/hardware_irq/irq.c.obj
 *fill*         0x0000000010004165        0x3 
 .rodata.make_branch.str1.4
                0x0000000010004168       0x30 CMakeFiles/main.dir/home/duya25446/workspace/pico-sdk/src/rp2_common/hardware_irq/irq.c.obj
 .rodata.insert_branch_and_link.str1.4
                0x0000000010004198       0x10 CMakeFiles/main.dir/home/duya25446/workspace/pico-sdk/src/rp2_common/hardware_irq/irq.c.obj
 .rodata.irq_set_exclusive_handler.str1.4
                0x00000000100041a8       0x36 CMakeFiles/main.dir/home/duya25446/workspace/pico-sdk/src/rp2_common/hardware_irq/irq.c.obj
 *fill*         0x00000000100041de        0x2 
 .rodata.irq_remove_handler.str1.4
                0x00000000100041e0       0x3a CMakeFiles/main.dir/home/duya25446/workspace/pico-sdk/src/rp2_common/hardware_irq/irq.c.obj
 *fill*         0x000000001000421a        0x2 
 .rodata.irq_add_tail_to_free_list.str1.4
                0x000000001000421c       0x3a CMakeFiles/main.dir/home/duya25446/workspace/pico-sdk/src/rp2_common/hardware_irq/irq.c.obj
 *fill*         0x0000000010004256        0x2 
 .rodata.__func__.0
                0x0000000010004258       0x1a CMakeFiles/main.dir/home/duya25446/workspace/pico-sdk/src/rp2_common/hardware_irq/irq.c.obj
 *fill*         0x0000000010004272        0x2 
 .rodata.__func__.1
                0x0000000010004274       0x17 CMakeFiles/main.dir/home/duya25446/workspace/pico-sdk/src/rp2_common/hardware_irq/irq.c.obj
 *fill*         0x000000001000428b        0x1 
 .rodata.__func__.2
                0x000000001000428c       0x13 CMakeFiles/main.dir/home/duya25446/workspace/pico-sdk/src/rp2_common/hardware_irq/irq.c.obj
 *fill*         0x000000001000429f        0x1 
 .rodata.__func__.3
                0x00000000100042a0        0xc CMakeFiles/main.dir/home/duya25446/workspace/pico-sdk/src/rp2_common/hardware_irq/irq.c.obj
 .rodata.__func__.4
                0x00000000100042ac        0xf CMakeFiles/main.dir/home/duya25446/workspace/pico-sdk/src/rp2_common/hardware_irq/irq.c.obj
 *fill*         0x00000000100042bb        0x1 
 .rodata.__func__.6
                0x00000000100042bc       0x1a CMakeFiles/main.dir/home/duya25446/workspace/pico-sdk/src/rp2_common/hardware_irq/irq.c.obj
 *fill*         0x00000000100042d6        0x2 
 .rodata.str1.4
                0x00000000100042d8       0x91 CMakeFiles/main.dir/home/duya25446/workspace/pico-sdk/src/common/pico_sync/mutex.c.obj
 *fill*         0x0000000010004369        0x3 
 .rodata.__func__.1
                0x000000001000436c        0xb CMakeFiles/main.dir/home/duya25446/workspace/pico-sdk/src/common/pico_sync/mutex.c.obj
 *fill*         0x0000000010004377        0x1 
 .rodata.__func__.3
                0x0000000010004378       0x18 CMakeFiles/main.dir/home/duya25446/workspace/pico-sdk/src/common/pico_sync/mutex.c.obj
 .rodata.get_entry.str1.4
                0x0000000010004390       0x63 CMakeFiles/main.dir/home/duya25446/workspace/pico-sdk/src/common/pico_time/time.c.obj
 *fill*         0x00000000100043f3        0x1 
 .rodata.update_us_since_boot.str1.4
                0x00000000100043f4       0x69 CMakeFiles/main.dir/home/duya25446/workspace/pico-sdk/src/common/pico_time/time.c.obj
 *fill*         0x000000001000445d        0x3 
 .rodata.ph_get_node.str1.4
                0x0000000010004460       0x6e CMakeFiles/main.dir/home/duya25446/workspace/pico-sdk/src/common/pico_time/time.c.obj
 *fill*         0x00000000100044ce        0x2 
 .rodata.ph_add_child_node.str1.4
                0x00000000100044d0       0x2e CMakeFiles/main.dir/home/duya25446/workspace/pico-sdk/src/common/pico_time/time.c.obj
 *fill*         0x00000000100044fe        0x2 
 .rodata.ph_insert_node.str1.4
                0x0000000010004500        0x3 CMakeFiles/main.dir/home/duya25446/workspace/pico-sdk/src/common/pico_time/time.c.obj
 *fill*         0x0000000010004503        0x1 
 .rodata.ph_free_node.str1.4
                0x0000000010004504       0x38 CMakeFiles/main.dir/home/duya25446/workspace/pico-sdk/src/common/pico_time/time.c.obj
 .rodata.add_alarm_under_lock.str1.4
                0x000000001000453c       0x28 CMakeFiles/main.dir/home/duya25446/workspace/pico-sdk/src/common/pico_time/time.c.obj
 .rodata.alarm_pool_alarm_callback.str1.4
                0x0000000010004564       0x60 CMakeFiles/main.dir/home/duya25446/workspace/pico-sdk/src/common/pico_time/time.c.obj
 .rodata.alarm_pool_get_default.str1.4
                0x00000000100045c4       0x21 CMakeFiles/main.dir/home/duya25446/workspace/pico-sdk/src/common/pico_time/time.c.obj
 *fill*         0x00000000100045e5        0x3 
 .rodata.alarm_pool_cancel_alarm.str1.4
                0x00000000100045e8       0x27 CMakeFiles/main.dir/home/duya25446/workspace/pico-sdk/src/common/pico_time/time.c.obj
 *fill*         0x000000001000460f        0x1 
 .rodata.sleep_until.str1.4
                0x0000000010004610       0x4d CMakeFiles/main.dir/home/duya25446/workspace/pico-sdk/src/common/pico_time/time.c.obj
 *fill*         0x000000001000465d        0x3 
 .rodata.__func__.1
                0x0000000010004660       0x18 CMakeFiles/main.dir/home/duya25446/workspace/pico-sdk/src/common/pico_time/time.c.obj
 .rodata.__func__.3
                0x0000000010004678       0x17 CMakeFiles/main.dir/home/duya25446/workspace/pico-sdk/src/common/pico_time/time.c.obj
 *fill*         0x000000001000468f        0x1 
 .rodata.__func__.4
                0x0000000010004690       0x12 CMakeFiles/main.dir/home/duya25446/workspace/pico-sdk/src/common/pico_time/time.c.obj
 *fill*         0x00000000100046a2        0x2 
 .rodata.__func__.5
                0x00000000100046a4        0xd CMakeFiles/main.dir/home/duya25446/workspace/pico-sdk/src/common/pico_time/time.c.obj
 *fill*         0x00000000100046b1        0x3 
 .rodata.__func__.6
                0x00000000100046b4       0x12 CMakeFiles/main.dir/home/duya25446/workspace/pico-sdk/src/common/pico_time/time.c.obj
 *fill*         0x00000000100046c6        0x2 
 .rodata.__func__.7
                0x00000000100046c8        0xf CMakeFiles/main.dir/home/duya25446/workspace/pico-sdk/src/common/pico_time/time.c.obj
 *fill*         0x00000000100046d7        0x1 
 .rodata.__func__.8
                0x00000000100046d8        0xc CMakeFiles/main.dir/home/duya25446/workspace/pico-sdk/src/common/pico_time/time.c.obj
 .rodata.__func__.9
                0x00000000100046e4       0x15 CMakeFiles/main.dir/home/duya25446/workspace/pico-sdk/src/common/pico_time/time.c.obj
 *fill*         0x00000000100046f9        0x3 
 .rodata.__func__.10
                0x00000000100046fc       0x15 CMakeFiles/main.dir/home/duya25446/workspace/pico-sdk/src/common/pico_time/time.c.obj
 *fill*         0x0000000010004711        0x3 
 .rodata.__func__.11
                0x0000000010004714       0x1a CMakeFiles/main.dir/home/duya25446/workspace/pico-sdk/src/common/pico_time/time.c.obj
 *fill*         0x000000001000472e        0x2 
 .rodata.__func__.12
                0x0000000010004730        0xa CMakeFiles/main.dir/home/duya25446/workspace/pico-sdk/src/common/pico_time/time.c.obj
 *fill*         0x000000001000473a        0x2 
 .rodata.hardware_alarm_claim.str1.4
                0x000000001000473c       0x22 CMakeFiles/main.dir/home/duya25446/workspace/pico-sdk/src/rp2_common/hardware_timer/timer.c.obj
 *fill*         0x000000001000475e        0x2 
 .rodata.hardware_alarm_set_target.str1.4
                0x0000000010004760       0x6d CMakeFiles/main.dir/home/duya25446/workspace/pico-sdk/src/rp2_common/hardware_timer/timer.c.obj
 *fill*         0x00000000100047cd        0x3 
 .rodata.__func__.0
                0x00000000100047d0       0x1a CMakeFiles/main.dir/home/duya25446/workspace/pico-sdk/src/rp2_common/hardware_timer/timer.c.obj
 .rodata.ph_get_node.str1.4
                0x00000000100047ea       0x6e CMakeFiles/main.dir/home/duya25446/workspace/pico-sdk/src/common/pico_util/pheap.c.obj
 .rodata.ph_add_child_node.str1.4
                0x00000000100047ea       0x2e CMakeFiles/main.dir/home/duya25446/workspace/pico-sdk/src/common/pico_util/pheap.c.obj
 *fill*         0x00000000100047ea        0x2 
 .rodata.ph_remove_any_head.str1.4
                0x00000000100047ec       0x94 CMakeFiles/main.dir/home/duya25446/workspace/pico-sdk/src/common/pico_util/pheap.c.obj
                                         0xa8 (size before relaxing)
 .rodata.ph_remove_and_free_node.str1.4
                0x0000000010004880       0x1e CMakeFiles/main.dir/home/duya25446/workspace/pico-sdk/src/common/pico_util/pheap.c.obj
                                         0x26 (size before relaxing)
 *fill*         0x000000001000489e        0x2 
 .rodata.__func__.0
                0x00000000100048a0       0x18 CMakeFiles/main.dir/home/duya25446/workspace/pico-sdk/src/common/pico_util/pheap.c.obj
 .rodata.__func__.1
                0x00000000100048b8       0x13 CMakeFiles/main.dir/home/duya25446/workspace/pico-sdk/src/common/pico_util/pheap.c.obj
 *fill*         0x00000000100048cb        0x1 
 .rodata.__func__.2
                0x00000000100048cc       0x12 CMakeFiles/main.dir/home/duya25446/workspace/pico-sdk/src/common/pico_util/pheap.c.obj
 *fill*         0x00000000100048de        0x2 
 .rodata.__func__.3
                0x00000000100048e0        0xc CMakeFiles/main.dir/home/duya25446/workspace/pico-sdk/src/common/pico_util/pheap.c.obj
 .rodata.clock_configure.str1.4
                0x00000000100048ec       0x5f CMakeFiles/main.dir/home/duya25446/workspace/pico-sdk/src/rp2_common/hardware_clocks/clocks.c.obj
 *fill*         0x000000001000494b        0x1 
 .rodata.__func__.1
                0x000000001000494c       0x10 CMakeFiles/main.dir/home/duya25446/workspace/pico-sdk/src/rp2_common/hardware_clocks/clocks.c.obj
 .rodata.pll_init.str1.4
                0x000000001000495c      0x12c CMakeFiles/main.dir/home/duya25446/workspace/pico-sdk/src/rp2_common/hardware_pll/pll.c.obj
 .rodata.__func__.0
                0x0000000010004a88        0x9 CMakeFiles/main.dir/home/duya25446/workspace/pico-sdk/src/rp2_common/hardware_pll/pll.c.obj
 *fill*         0x0000000010004a91        0x3 
 .rodata.__assert_func.str1.4
                0x0000000010004a94       0x3f CMakeFiles/main.dir/home/duya25446/workspace/pico-sdk/src/rp2_common/pico_runtime/runtime.c.obj
                                         0x43 (size before relaxing)
 *fill*         0x0000000010004ad3        0x1 
 .rodata.runtime_init.str1.4
                0x0000000010004ad4       0x69 CMakeFiles/main.dir/home/duya25446/workspace/pico-sdk/src/rp2_common/pico_runtime/runtime.c.obj
 *fill*         0x0000000010004b3d        0x3 
 .rodata.panic.str1.4
                0x0000000010004b40       0x12 CMakeFiles/main.dir/home/duya25446/workspace/pico-sdk/src/rp2_common/pico_runtime/runtime.c.obj
 *fill*         0x0000000010004b52        0x2 
 .rodata.__func__.2
                0x0000000010004b54        0xd CMakeFiles/main.dir/home/duya25446/workspace/pico-sdk/src/rp2_common/pico_runtime/runtime.c.obj
 *fill*         0x0000000010004b61        0x3 
 .rodata._ftoa.str1.4
                0x0000000010004b64       0x15 CMakeFiles/main.dir/home/duya25446/workspace/pico-sdk/src/rp2_common/pico_printf/printf.c.obj
 *fill*         0x0000000010004b79        0x3 
 .rodata._vsnprintf
                0x0000000010004b7c      0x19c CMakeFiles/main.dir/home/duya25446/workspace/pico-sdk/src/rp2_common/pico_printf/printf.c.obj
 .rodata.pow10.0
                0x0000000010004d18       0x50 CMakeFiles/main.dir/home/duya25446/workspace/pico-sdk/src/rp2_common/pico_printf/printf.c.obj
 .rodata.__aeabi_double_init.str1.4
                0x0000000010004d68       0xa4 CMakeFiles/main.dir/home/duya25446/workspace/pico-sdk/src/rp2_common/pico_double/double_init_rom.c.obj
 .rodata.__func__.0
                0x0000000010004e0c       0x14 CMakeFiles/main.dir/home/duya25446/workspace/pico-sdk/src/rp2_common/pico_double/double_init_rom.c.obj
 .rodata.__aeabi_float_init.str1.4
                0x0000000010004e20       0x82 CMakeFiles/main.dir/home/duya25446/workspace/pico-sdk/src/rp2_common/pico_float/float_init_rom.c.obj
                                         0x86 (size before relaxing)
 *fill*         0x0000000010004ea2        0x2 
 .rodata.__func__.0
                0x0000000010004ea4       0x13 CMakeFiles/main.dir/home/duya25446/workspace/pico-sdk/src/rp2_common/pico_float/float_init_rom.c.obj
 *fill*         0x0000000010004eb7        0x1 
 .rodata.str1.4
                0x0000000010004eb8       0x3c CMakeFiles/main.dir/home/duya25446/workspace/pico-sdk/src/rp2_common/pico_standard_link/binary_info.c.obj
 .rodata.__bi_81
                0x0000000010004ef4        0xc CMakeFiles/main.dir/home/duya25446/workspace/pico-sdk/src/rp2_common/pico_standard_link/binary_info.c.obj
 .rodata.__bi_75
                0x0000000010004f00        0xc CMakeFiles/main.dir/home/duya25446/workspace/pico-sdk/src/rp2_common/pico_standard_link/binary_info.c.obj
 .rodata.__bi_44
                0x0000000010004f0c        0xc CMakeFiles/main.dir/home/duya25446/workspace/pico-sdk/src/rp2_common/pico_standard_link/binary_info.c.obj
 .rodata.update_us_since_boot.str1.4
                0x0000000010004f18       0x69 CMakeFiles/main.dir/home/duya25446/workspace/pico-sdk/src/rp2_common/pico_stdio/stdio.c.obj
 .rodata.crlf_str.2
                0x0000000010004f18        0x2 CMakeFiles/main.dir/home/duya25446/workspace/pico-sdk/src/rp2_common/pico_stdio/stdio.c.obj
 *fill*         0x0000000010004f1a        0x2 
 .rodata.__func__.3
                0x0000000010004f1c       0x15 CMakeFiles/main.dir/home/duya25446/workspace/pico-sdk/src/rp2_common/pico_stdio/stdio.c.obj
                0x0000000010004f34                . = ALIGN (0x4)
 *fill*         0x0000000010004f31        0x3 
 *(SORT_BY_ALIGNMENT(SORT_BY_NAME(.flashdata*)))
                0x0000000010004f34                . = ALIGN (0x4)

.ARM.extab
 *(.ARM.extab* .gnu.linkonce.armextab.*)
                0x0000000010004f34                __exidx_start = .

.ARM.exidx
 *(.ARM.exidx* .gnu.linkonce.armexidx.*)
                0x0000000010004f34                __exidx_end = .
                0x0000000010004f34                . = ALIGN (0x4)
                0x0000000010004f34                __binary_info_start = .

.binary_info    0x0000000010004f34       0x1c
 *(.binary_info.keep.*)
 .binary_info.keep.__bi_ptr81
                0x0000000010004f34        0x4 CMakeFiles/main.dir/home/duya25446/workspace/pico-sdk/src/rp2_common/pico_standard_link/binary_info.c.obj
 .binary_info.keep.__bi_ptr75
                0x0000000010004f38        0x4 CMakeFiles/main.dir/home/duya25446/workspace/pico-sdk/src/rp2_common/pico_standard_link/binary_info.c.obj
 .binary_info.keep.__bi_ptr50
                0x0000000010004f3c        0x4 CMakeFiles/main.dir/home/duya25446/workspace/pico-sdk/src/rp2_common/pico_standard_link/binary_info.c.obj
 .binary_info.keep.__bi_ptr44
                0x0000000010004f40        0x4 CMakeFiles/main.dir/home/duya25446/workspace/pico-sdk/src/rp2_common/pico_standard_link/binary_info.c.obj
 .binary_info.keep.__bi_ptr38
                0x0000000010004f44        0x4 CMakeFiles/main.dir/home/duya25446/workspace/pico-sdk/src/rp2_common/pico_standard_link/binary_info.c.obj
 .binary_info.keep.__bi_ptr30
                0x0000000010004f48        0x4 CMakeFiles/main.dir/home/duya25446/workspace/pico-sdk/src/rp2_common/pico_standard_link/binary_info.c.obj
 .binary_info.keep.__bi_ptr22
                0x0000000010004f4c        0x4 CMakeFiles/main.dir/home/duya25446/workspace/pico-sdk/src/rp2_common/pico_standard_link/binary_info.c.obj
 *(.binary_info.*)
                0x0000000010004f50                __binary_info_end = .

.rel.dyn        0x0000000010004f50        0x0
 .rel.iplt      0x0000000010004f50        0x0 /usr/lib/gcc/arm-none-eabi/12.2.1/thumb/v6-m/nofp/crtbegin.o
                0x0000000010004f50                . = ALIGN (0x4)

.ram_vector_table
                0x0000000020000000       0xc0
 *(.ram_vector_table)
 .ram_vector_table
                0x0000000020000000       0xc0 CMakeFiles/main.dir/home/duya25446/workspace/pico-sdk/src/rp2_common/pico_runtime/runtime.c.obj
                0x0000000020000000                ram_vector_table

.data           0x00000000200000c0      0x22c load address 0x0000000010004f50
                0x00000000200000c0                __data_start__ = .
 *(vtable)
 *(.time_critical*)
 .time_critical.mutex_try_enter
                0x00000000200000c0       0x46 CMakeFiles/main.dir/home/duya25446/workspace/pico-sdk/src/common/pico_sync/mutex.c.obj
                0x00000000200000c0                mutex_try_enter
 *fill*         0x0000000020000106        0x2 
 .time_critical.mutex_enter_block_until
                0x0000000020000108       0x8c CMakeFiles/main.dir/home/duya25446/workspace/pico-sdk/src/common/pico_sync/mutex.c.obj
                0x0000000020000108                mutex_enter_block_until
 .time_critical.mutex_try_enter_block_until
                0x0000000020000194       0x34 CMakeFiles/main.dir/home/duya25446/workspace/pico-sdk/src/common/pico_sync/mutex.c.obj
                0x0000000020000194                mutex_try_enter_block_until
 .time_critical.mutex_exit
                0x00000000200001c8       0x4c CMakeFiles/main.dir/home/duya25446/workspace/pico-sdk/src/common/pico_sync/mutex.c.obj
                0x00000000200001c8                mutex_exit
 *(.text*)
 .text          0x0000000020000214        0x4 /usr/lib/gcc/arm-none-eabi/12.2.1/thumb/v6-m/nofp/libgcc.a(_dvmd_tls.o)
                0x0000000020000214                __aeabi_ldiv0
                0x0000000020000214                __aeabi_idiv0
 .text.__stub   0x0000000020000218       0x20 linker stubs
                0x0000000020000238                . = ALIGN (0x4)
 *(.rodata*)
                0x0000000020000238                . = ALIGN (0x4)
 *(.data*)
 .data.striped_spin_lock_num
                0x0000000020000238        0x1 CMakeFiles/main.dir/home/duya25446/workspace/pico-sdk/src/rp2_common/hardware_sync/sync.c.obj
 *fill*         0x0000000020000239        0x3 
 .data          0x000000002000023c       0x48 CMakeFiles/main.dir/home/duya25446/workspace/pico-sdk/src/rp2_common/hardware_irq/irq_handler_chain.S.obj
                0x000000002000023c                irq_handler_chain_slots
                0x000000002000026c                irq_handler_chain_first_slot
                0x0000000020000276                irq_handler_chain_remove_tail
 .data.default_alarm_pool
                0x0000000020000284       0x18 CMakeFiles/main.dir/home/duya25446/workspace/pico-sdk/src/common/pico_time/time.c.obj
 .data.default_alarm_pool_heap
                0x000000002000029c       0x10 CMakeFiles/main.dir/home/duya25446/workspace/pico-sdk/src/common/pico_time/time.c.obj
 *fill*         0x00000000200002ac        0x4 
 .data.aeabi_bits_funcs
                0x00000000200002b0       0x10 CMakeFiles/main.dir/home/duya25446/workspace/pico-sdk/src/rp2_common/pico_bit_ops/bit_ops_aeabi.S.obj
                0x00000000200002b0                aeabi_bits_funcs
                0x00000000200002c0                aeabi_bits_funcs_end
 .data.aeabi_mem_funcs
                0x00000000200002c0       0x10 CMakeFiles/main.dir/home/duya25446/workspace/pico-sdk/src/rp2_common/pico_mem_ops/mem_ops_aeabi.S.obj
                0x00000000200002c0                aeabi_mem_funcs
                0x00000000200002d0                aeabi_mem_funcs_end
                0x00000000200002d0                . = ALIGN (0x4)
 *(.after_data.*)
                0x00000000200002d0                . = ALIGN (0x4)
                0x00000000200002d0                PROVIDE (__mutex_array_start = .)
 *(SORT_BY_NAME(.mutex_array.*))
 *(.mutex_array)
 .mutex_array   0x00000000200002d0        0x8 CMakeFiles/main.dir/home/duya25446/workspace/pico-sdk/src/rp2_common/pico_stdio/stdio.c.obj
                0x00000000200002d8                PROVIDE (__mutex_array_end = .)
                0x00000000200002d8                . = ALIGN (0x4)
                0x00000000200002d8                PROVIDE (__preinit_array_start = .)
 *(SORT_BY_NAME(.preinit_array.*))
 .preinit_array.00001
                0x00000000200002d8        0x4 CMakeFiles/main.dir/home/duya25446/workspace/pico-sdk/src/rp2_common/pico_mem_ops/mem_ops_aeabi.S.obj
 .preinit_array.00010
                0x00000000200002dc        0x4 CMakeFiles/main.dir/home/duya25446/workspace/pico-sdk/src/rp2_common/pico_bit_ops/bit_ops_aeabi.S.obj
 .preinit_array.00020
                0x00000000200002e0        0x4 CMakeFiles/main.dir/home/duya25446/workspace/pico-sdk/src/rp2_common/pico_double/double_aeabi.S.obj
 .preinit_array.00020
                0x00000000200002e4        0x4 CMakeFiles/main.dir/home/duya25446/workspace/pico-sdk/src/rp2_common/pico_float/float_aeabi.S.obj
 *(.preinit_array)
                0x00000000200002e8                PROVIDE (__preinit_array_end = .)
                0x00000000200002e8                . = ALIGN (0x4)
                0x00000000200002e8                PROVIDE (__init_array_start = .)
 *(SORT_BY_NAME(.init_array.*))
 *(.init_array)
 .init_array    0x00000000200002e8        0x4 /usr/lib/gcc/arm-none-eabi/12.2.1/thumb/v6-m/nofp/crtbegin.o
                0x00000000200002ec                PROVIDE (__init_array_end = .)
                0x00000000200002ec                . = ALIGN (0x4)
                0x00000000200002ec                PROVIDE (__fini_array_start = .)
 *(SORT_BY_NAME(.fini_array.*))
 *(.fini_array)
                0x00000000200002ec                PROVIDE (__fini_array_end = .)
 *(.jcr)
                0x00000000200002ec                . = ALIGN (0x4)
                0x00000000200002ec                __data_end__ = .
                0x0000000010004f50                __etext = LOADADDR (.data)

.tm_clone_table
                0x00000000200002ec        0x0 load address 0x000000001000517c
 .tm_clone_table
                0x00000000200002ec        0x0 /usr/lib/gcc/arm-none-eabi/12.2.1/thumb/v6-m/nofp/crtbegin.o
 .tm_clone_table
                0x00000000200002ec        0x0 /usr/lib/gcc/arm-none-eabi/12.2.1/thumb/v6-m/nofp/crtend.o

.igot.plt       0x00000000200002ec        0x0 load address 0x000000001000517c
 .igot.plt      0x00000000200002ec        0x0 /usr/lib/gcc/arm-none-eabi/12.2.1/thumb/v6-m/nofp/crtbegin.o

.uninitialized_data
                0x00000000200002ec        0x0 load address 0x000000001000517c
                0x00000000200002ec                . = ALIGN (0x4)
 *(.uninitialized_data*)

.scratch_x      0x0000000020040000        0x0 load address 0x000000001000517c
                0x0000000020040000                __scratch_x_start__ = .
 *(.scratch_x.*)
                0x0000000020040000                . = ALIGN (0x4)
                0x0000000020040000                __scratch_x_end__ = .
                0x000000001000517c                __scratch_x_source__ = LOADADDR (.scratch_x)

.scratch_y      0x0000000020041000        0x0 load address 0x000000001000517c
                0x0000000020041000                __scratch_y_start__ = .
 *(.scratch_y.*)
                0x0000000020041000                . = ALIGN (0x4)
                0x0000000020041000                __scratch_y_end__ = .
                0x000000001000517c                __scratch_y_source__ = LOADADDR (.scratch_y)

.bss            0x00000000200002f0      0x3c8
                0x00000000200002f0                . = ALIGN (0x4)
                0x00000000200002f0                __bss_start__ = .
 *(SORT_BY_ALIGNMENT(SORT_BY_NAME(.bss*)))
 .bss.default_alarm_pool_entries
                0x00000000200002f0      0x100 CMakeFiles/main.dir/home/duya25446/workspace/pico-sdk/src/common/pico_time/time.c.obj
 .bss           0x00000000200003f0       0x1c /usr/lib/gcc/arm-none-eabi/12.2.1/thumb/v6-m/nofp/crtbegin.o
 .bss.alarm_callbacks
                0x000000002000040c       0x10 CMakeFiles/main.dir/home/duya25446/workspace/pico-sdk/src/rp2_common/hardware_timer/timer.c.obj
 .bss.configured_freq
                0x000000002000041c       0x28 CMakeFiles/main.dir/home/duya25446/workspace/pico-sdk/src/rp2_common/hardware_clocks/clocks.c.obj
 .bss.default_alarm_pool_entry_ids_high
                0x0000000020000444       0x10 CMakeFiles/main.dir/home/duya25446/workspace/pico-sdk/src/common/pico_time/time.c.obj
 .bss.default_alarm_pool_heap_nodes
                0x0000000020000454       0x30 CMakeFiles/main.dir/home/duya25446/workspace/pico-sdk/src/common/pico_time/time.c.obj
 .bss.drivers   0x0000000020000484        0x4 CMakeFiles/main.dir/home/duya25446/workspace/pico-sdk/src/rp2_common/pico_stdio/stdio.c.obj
 .bss.filter    0x0000000020000488        0x4 CMakeFiles/main.dir/home/duya25446/workspace/pico-sdk/src/rp2_common/pico_stdio/stdio.c.obj
 .bss.pools     0x000000002000048c       0x10 CMakeFiles/main.dir/home/duya25446/workspace/pico-sdk/src/common/pico_time/time.c.obj
 .bss.sd_table  0x000000002000049c      0x100 CMakeFiles/main.dir/home/duya25446/workspace/pico-sdk/src/rp2_common/pico_double/double_init_rom.c.obj
                0x000000002000049c                sd_table
 .bss.sf_clz_func
                0x000000002000059c        0x4 CMakeFiles/main.dir/home/duya25446/workspace/pico-sdk/src/rp2_common/pico_double/double_init_rom.c.obj
                0x000000002000059c                sf_clz_func
 .bss.sf_table  0x00000000200005a0      0x100 CMakeFiles/main.dir/home/duya25446/workspace/pico-sdk/src/rp2_common/pico_float/float_init_rom.c.obj
                0x00000000200005a0                sf_table
 .bss.sleep_notifier
                0x00000000200006a0        0x4 CMakeFiles/main.dir/home/duya25446/workspace/pico-sdk/src/common/pico_time/time.c.obj
 .bss.target_hi
                0x00000000200006a4       0x10 CMakeFiles/main.dir/home/duya25446/workspace/pico-sdk/src/rp2_common/hardware_timer/timer.c.obj
 .bss.claimed   0x00000000200006b4        0x1 CMakeFiles/main.dir/home/duya25446/workspace/pico-sdk/src/rp2_common/hardware_timer/timer.c.obj
 .bss.irq_hander_chain_free_slot_head
                0x00000000200006b5        0x1 CMakeFiles/main.dir/home/duya25446/workspace/pico-sdk/src/rp2_common/hardware_irq/irq.c.obj
 .bss.timer_callbacks_pending
                0x00000000200006b6        0x1 CMakeFiles/main.dir/home/duya25446/workspace/pico-sdk/src/rp2_common/hardware_timer/timer.c.obj
 *(COMMON)
                0x00000000200006b8                . = ALIGN (0x4)
 *fill*         0x00000000200006b7        0x1 
                0x00000000200006b8                __bss_end__ = .

.heap           0x00000000200006b8      0x800
                0x00000000200006b8                __end__ = .
                0x00000000200006b8                end = __end__
 *(.heap*)
 .heap          0x00000000200006b8      0x800 CMakeFiles/main.dir/home/duya25446/workspace/pico-sdk/src/rp2_common/pico_standard_link/crt0.S.obj
                0x0000000020000eb8                __HeapLimit = .

.stack1_dummy
 *(.stack1*)

.stack_dummy    0x0000000020041000      0x800
 *(.stack*)
 .stack         0x0000000020041000      0x800 CMakeFiles/main.dir/home/duya25446/workspace/pico-sdk/src/rp2_common/pico_standard_link/crt0.S.obj

.flash_end      0x000000001000517c        0x0
                0x000000001000517c                PROVIDE (__flash_binary_end = .)
                0x0000000020040000                __StackLimit = (ORIGIN (RAM) + LENGTH (RAM))
                0x0000000020041000                __StackOneTop = (ORIGIN (SCRATCH_X) + LENGTH (SCRATCH_X))
                0x0000000020042000                __StackTop = (ORIGIN (SCRATCH_Y) + LENGTH (SCRATCH_Y))
                0x0000000020041000                __StackOneBottom = (__StackOneTop - SIZEOF (.stack1_dummy))
                0x0000000020041800                __StackBottom = (__StackTop - SIZEOF (.stack_dummy))
                0x0000000020042000                PROVIDE (__stack = __StackTop)
                0x0000000000000001                ASSERT ((__StackLimit >= __HeapLimit), region RAM overflowed)
                0x0000000000000001                ASSERT (((__binary_info_header_end - __logical_binary_start) <= 0x100), Binary info must be in first 256 bytes of the binary)
LOAD CMakeFiles/main.dir/main.c.obj
LOAD CMakeFiles/main.dir/home/duya25446/workspace/pico-sdk/src/rp2_common/pico_stdlib/stdlib.c.obj
LOAD CMakeFiles/main.dir/home/duya25446/workspace/pico-sdk/src/rp2_common/hardware_gpio/gpio.c.obj
LOAD CMakeFiles/main.dir/home/duya25446/workspace/pico-sdk/src/rp2_common/pico_platform/platform.c.obj
LOAD CMakeFiles/main.dir/home/duya25446/workspace/pico-sdk/src/rp2_common/hardware_claim/claim.c.obj
LOAD CMakeFiles/main.dir/home/duya25446/workspace/pico-sdk/src/rp2_common/hardware_sync/sync.c.obj
LOAD CMakeFiles/main.dir/home/duya25446/workspace/pico-sdk/src/rp2_common/hardware_irq/irq.c.obj
LOAD CMakeFiles/main.dir/home/duya25446/workspace/pico-sdk/src/rp2_common/hardware_irq/irq_handler_chain.S.obj
LOAD CMakeFiles/main.dir/home/duya25446/workspace/pico-sdk/src/common/pico_sync/sem.c.obj
LOAD CMakeFiles/main.dir/home/duya25446/workspace/pico-sdk/src/common/pico_sync/lock_core.c.obj
LOAD CMakeFiles/main.dir/home/duya25446/workspace/pico-sdk/src/common/pico_sync/mutex.c.obj
LOAD CMakeFiles/main.dir/home/duya25446/workspace/pico-sdk/src/common/pico_sync/critical_section.c.obj
LOAD CMakeFiles/main.dir/home/duya25446/workspace/pico-sdk/src/common/pico_time/time.c.obj
LOAD CMakeFiles/main.dir/home/duya25446/workspace/pico-sdk/src/common/pico_time/timeout_helper.c.obj
LOAD CMakeFiles/main.dir/home/duya25446/workspace/pico-sdk/src/rp2_common/hardware_timer/timer.c.obj
LOAD CMakeFiles/main.dir/home/duya25446/workspace/pico-sdk/src/common/pico_util/datetime.c.obj
LOAD CMakeFiles/main.dir/home/duya25446/workspace/pico-sdk/src/common/pico_util/pheap.c.obj
LOAD CMakeFiles/main.dir/home/duya25446/workspace/pico-sdk/src/common/pico_util/queue.c.obj
LOAD CMakeFiles/main.dir/home/duya25446/workspace/pico-sdk/src/rp2_common/hardware_uart/uart.c.obj
LOAD CMakeFiles/main.dir/home/duya25446/workspace/pico-sdk/src/rp2_common/hardware_clocks/clocks.c.obj
LOAD CMakeFiles/main.dir/home/duya25446/workspace/pico-sdk/src/rp2_common/hardware_pll/pll.c.obj
LOAD CMakeFiles/main.dir/home/duya25446/workspace/pico-sdk/src/rp2_common/hardware_vreg/vreg.c.obj
LOAD CMakeFiles/main.dir/home/duya25446/workspace/pico-sdk/src/rp2_common/hardware_watchdog/watchdog.c.obj
LOAD CMakeFiles/main.dir/home/duya25446/workspace/pico-sdk/src/rp2_common/hardware_xosc/xosc.c.obj
LOAD CMakeFiles/main.dir/home/duya25446/workspace/pico-sdk/src/rp2_common/hardware_divider/divider.S.obj
LOAD CMakeFiles/main.dir/home/duya25446/workspace/pico-sdk/src/rp2_common/pico_runtime/runtime.c.obj
LOAD CMakeFiles/main.dir/home/duya25446/workspace/pico-sdk/src/rp2_common/pico_printf/printf.c.obj
LOAD CMakeFiles/main.dir/home/duya25446/workspace/pico-sdk/src/rp2_common/pico_bit_ops/bit_ops_aeabi.S.obj
LOAD CMakeFiles/main.dir/home/duya25446/workspace/pico-sdk/src/rp2_common/pico_bootrom/bootrom.c.obj
LOAD CMakeFiles/main.dir/home/duya25446/workspace/pico-sdk/src/rp2_common/pico_divider/divider.S.obj
LOAD CMakeFiles/main.dir/home/duya25446/workspace/pico-sdk/src/rp2_common/pico_double/double_aeabi.S.obj
LOAD CMakeFiles/main.dir/home/duya25446/workspace/pico-sdk/src/rp2_common/pico_double/double_init_rom.c.obj
LOAD CMakeFiles/main.dir/home/duya25446/workspace/pico-sdk/src/rp2_common/pico_double/double_math.c.obj
LOAD CMakeFiles/main.dir/home/duya25446/workspace/pico-sdk/src/rp2_common/pico_double/double_v1_rom_shim.S.obj
LOAD CMakeFiles/main.dir/home/duya25446/workspace/pico-sdk/src/rp2_common/pico_int64_ops/pico_int64_ops_aeabi.S.obj
LOAD CMakeFiles/main.dir/home/duya25446/workspace/pico-sdk/src/rp2_common/pico_float/float_aeabi.S.obj
LOAD CMakeFiles/main.dir/home/duya25446/workspace/pico-sdk/src/rp2_common/pico_float/float_init_rom.c.obj
LOAD CMakeFiles/main.dir/home/duya25446/workspace/pico-sdk/src/rp2_common/pico_float/float_math.c.obj
LOAD CMakeFiles/main.dir/home/duya25446/workspace/pico-sdk/src/rp2_common/pico_float/float_v1_rom_shim.S.obj
LOAD CMakeFiles/main.dir/home/duya25446/workspace/pico-sdk/src/rp2_common/pico_malloc/pico_malloc.c.obj
LOAD CMakeFiles/main.dir/home/duya25446/workspace/pico-sdk/src/rp2_common/pico_mem_ops/mem_ops_aeabi.S.obj
LOAD CMakeFiles/main.dir/home/duya25446/workspace/pico-sdk/src/rp2_common/pico_standard_link/crt0.S.obj
LOAD CMakeFiles/main.dir/home/duya25446/workspace/pico-sdk/src/rp2_common/pico_standard_link/new_delete.cpp.obj
LOAD CMakeFiles/main.dir/home/duya25446/workspace/pico-sdk/src/rp2_common/pico_standard_link/binary_info.c.obj
LOAD CMakeFiles/main.dir/home/duya25446/workspace/pico-sdk/src/rp2_common/pico_stdio/stdio.c.obj
LOAD CMakeFiles/main.dir/home/duya25446/workspace/pico-sdk/src/rp2_common/pico_stdio_uart/stdio_uart.c.obj
LOAD CMakeFiles/main.dir/home/duya25446/workspace/pico-sdk/src/rp2_common/hardware_pio/pio.c.obj
LOAD liblib_src.a
LOAD /tmp/cckLq2py.o
LOAD /usr/lib/gcc/arm-none-eabi/12.2.1/../../../arm-none-eabi/lib/thumb/v6-m/nofp/libstdc++.a
LOAD /usr/lib/gcc/arm-none-eabi/12.2.1/../../../arm-none-eabi/lib/thumb/v6-m/nofp/libm.a
START GROUP
LOAD /usr/lib/gcc/arm-none-eabi/12.2.1/thumb/v6-m/nofp/libgcc.a
LOAD /usr/lib/gcc/arm-none-eabi/12.2.1/../../../arm-none-eabi/lib/thumb/v6-m/nofp/libg.a
LOAD /usr/lib/gcc/arm-none-eabi/12.2.1/../../../arm-none-eabi/lib/thumb/v6-m/nofp/libc.a
END GROUP
START GROUP
LOAD /usr/lib/gcc/arm-none-eabi/12.2.1/thumb/v6-m/nofp/libgcc.a
LOAD /usr/lib/gcc/arm-none-eabi/12.2.1/../../../arm-none-eabi/lib/thumb/v6-m/nofp/libc.a
LOAD /usr/lib/gcc/arm-none-eabi/12.2.1/../../../arm-none-eabi/lib/thumb/v6-m/nofp/libnosys.a
END GROUP
LOAD /usr/lib/gcc/arm-none-eabi/12.2.1/thumb/v6-m/nofp/crtend.o
LOAD /usr/lib/gcc/arm-none-eabi/12.2.1/thumb/v6-m/nofp/crtn.o
OUTPUT(main.elf elf32-littlearm)
LOAD linker stubs

.ARM.attributes
                0x0000000000000000       0x28
 .ARM.attributes
                0x0000000000000000       0x1e /usr/lib/gcc/arm-none-eabi/12.2.1/thumb/v6-m/nofp/crti.o
 .ARM.attributes
                0x000000000000001e       0x2c /usr/lib/gcc/arm-none-eabi/12.2.1/thumb/v6-m/nofp/crtbegin.o
 .ARM.attributes
                0x000000000000004a       0x2c CMakeFiles/main.dir/main.c.obj
 .ARM.attributes
                0x0000000000000076       0x2c CMakeFiles/main.dir/home/duya25446/workspace/pico-sdk/src/rp2_common/hardware_gpio/gpio.c.obj
 .ARM.attributes
                0x00000000000000a2       0x2c CMakeFiles/main.dir/home/duya25446/workspace/pico-sdk/src/rp2_common/pico_platform/platform.c.obj
 .ARM.attributes
                0x00000000000000ce       0x2c CMakeFiles/main.dir/home/duya25446/workspace/pico-sdk/src/rp2_common/hardware_claim/claim.c.obj
 .ARM.attributes
                0x00000000000000fa       0x2c CMakeFiles/main.dir/home/duya25446/workspace/pico-sdk/src/rp2_common/hardware_sync/sync.c.obj
 .ARM.attributes
                0x0000000000000126       0x2c CMakeFiles/main.dir/home/duya25446/workspace/pico-sdk/src/rp2_common/hardware_irq/irq.c.obj
 .ARM.attributes
                0x0000000000000152       0x22 CMakeFiles/main.dir/home/duya25446/workspace/pico-sdk/src/rp2_common/hardware_irq/irq_handler_chain.S.obj
 .ARM.attributes
                0x0000000000000174       0x2c CMakeFiles/main.dir/home/duya25446/workspace/pico-sdk/src/common/pico_sync/lock_core.c.obj
 .ARM.attributes
                0x00000000000001a0       0x2c CMakeFiles/main.dir/home/duya25446/workspace/pico-sdk/src/common/pico_sync/mutex.c.obj
 .ARM.attributes
                0x00000000000001cc       0x2c CMakeFiles/main.dir/home/duya25446/workspace/pico-sdk/src/common/pico_time/time.c.obj
 .ARM.attributes
                0x00000000000001f8       0x2c CMakeFiles/main.dir/home/duya25446/workspace/pico-sdk/src/rp2_common/hardware_timer/timer.c.obj
 .ARM.attributes
                0x0000000000000224       0x2c CMakeFiles/main.dir/home/duya25446/workspace/pico-sdk/src/common/pico_util/pheap.c.obj
 .ARM.attributes
                0x0000000000000250       0x2c CMakeFiles/main.dir/home/duya25446/workspace/pico-sdk/src/rp2_common/hardware_clocks/clocks.c.obj
 .ARM.attributes
                0x000000000000027c       0x2c CMakeFiles/main.dir/home/duya25446/workspace/pico-sdk/src/rp2_common/hardware_pll/pll.c.obj
 .ARM.attributes
                0x00000000000002a8       0x2c CMakeFiles/main.dir/home/duya25446/workspace/pico-sdk/src/rp2_common/hardware_watchdog/watchdog.c.obj
 .ARM.attributes
                0x00000000000002d4       0x2c CMakeFiles/main.dir/home/duya25446/workspace/pico-sdk/src/rp2_common/hardware_xosc/xosc.c.obj
 .ARM.attributes
                0x0000000000000300       0x2c CMakeFiles/main.dir/home/duya25446/workspace/pico-sdk/src/rp2_common/pico_runtime/runtime.c.obj
 .ARM.attributes
                0x000000000000032c       0x2c CMakeFiles/main.dir/home/duya25446/workspace/pico-sdk/src/rp2_common/pico_printf/printf.c.obj
 .ARM.attributes
                0x0000000000000358       0x22 CMakeFiles/main.dir/home/duya25446/workspace/pico-sdk/src/rp2_common/pico_bit_ops/bit_ops_aeabi.S.obj
 .ARM.attributes
                0x000000000000037a       0x2c CMakeFiles/main.dir/home/duya25446/workspace/pico-sdk/src/rp2_common/pico_bootrom/bootrom.c.obj
 .ARM.attributes
                0x00000000000003a6       0x22 CMakeFiles/main.dir/home/duya25446/workspace/pico-sdk/src/rp2_common/pico_divider/divider.S.obj
 .ARM.attributes
                0x00000000000003c8       0x22 CMakeFiles/main.dir/home/duya25446/workspace/pico-sdk/src/rp2_common/pico_double/double_aeabi.S.obj
 .ARM.attributes
                0x00000000000003ea       0x2c CMakeFiles/main.dir/home/duya25446/workspace/pico-sdk/src/rp2_common/pico_double/double_init_rom.c.obj
 .ARM.attributes
                0x0000000000000416       0x22 CMakeFiles/main.dir/home/duya25446/workspace/pico-sdk/src/rp2_common/pico_double/double_v1_rom_shim.S.obj
 .ARM.attributes
                0x0000000000000438       0x22 CMakeFiles/main.dir/home/duya25446/workspace/pico-sdk/src/rp2_common/pico_int64_ops/pico_int64_ops_aeabi.S.obj
 .ARM.attributes
                0x000000000000045a       0x22 CMakeFiles/main.dir/home/duya25446/workspace/pico-sdk/src/rp2_common/pico_float/float_aeabi.S.obj
 .ARM.attributes
                0x000000000000047c       0x2c CMakeFiles/main.dir/home/duya25446/workspace/pico-sdk/src/rp2_common/pico_float/float_init_rom.c.obj
 .ARM.attributes
                0x00000000000004a8       0x22 CMakeFiles/main.dir/home/duya25446/workspace/pico-sdk/src/rp2_common/pico_float/float_v1_rom_shim.S.obj
 .ARM.attributes
                0x00000000000004ca       0x22 CMakeFiles/main.dir/home/duya25446/workspace/pico-sdk/src/rp2_common/pico_mem_ops/mem_ops_aeabi.S.obj
 .ARM.attributes
                0x00000000000004ec       0x22 CMakeFiles/main.dir/home/duya25446/workspace/pico-sdk/src/rp2_common/pico_standard_link/crt0.S.obj
 .ARM.attributes
                0x000000000000050e       0x2c CMakeFiles/main.dir/home/duya25446/workspace/pico-sdk/src/rp2_common/pico_standard_link/binary_info.c.obj
 .ARM.attributes
                0x000000000000053a       0x2c CMakeFiles/main.dir/home/duya25446/workspace/pico-sdk/src/rp2_common/pico_stdio/stdio.c.obj
 .ARM.attributes
                0x0000000000000566       0x22 /tmp/cckLq2py.o
 .ARM.attributes
                0x0000000000000588       0x1e /usr/lib/gcc/arm-none-eabi/12.2.1/thumb/v6-m/nofp/libgcc.a(_dvmd_tls.o)
 .ARM.attributes
                0x00000000000005a6       0x2c /usr/lib/gcc/arm-none-eabi/12.2.1/../../../arm-none-eabi/lib/thumb/v6-m/nofp/libg.a(lib_a-strlen-stub.o)
 .ARM.attributes
                0x00000000000005d2       0x2c /usr/lib/gcc/arm-none-eabi/12.2.1/thumb/v6-m/nofp/crtend.o

.comment        0x0000000000000000       0x59
 .comment       0x0000000000000000       0x26 /usr/lib/gcc/arm-none-eabi/12.2.1/thumb/v6-m/nofp/crtbegin.o
                                         0x27 (size before relaxing)
 .comment       0x0000000000000026       0x27 CMakeFiles/main.dir/main.c.obj
 .comment       0x0000000000000026       0x27 CMakeFiles/main.dir/home/duya25446/workspace/pico-sdk/src/rp2_common/hardware_gpio/gpio.c.obj
 .comment       0x0000000000000026       0x27 CMakeFiles/main.dir/home/duya25446/workspace/pico-sdk/src/rp2_common/pico_platform/platform.c.obj
 .comment       0x0000000000000026       0x27 CMakeFiles/main.dir/home/duya25446/workspace/pico-sdk/src/rp2_common/hardware_claim/claim.c.obj
 .comment       0x0000000000000026       0x27 CMakeFiles/main.dir/home/duya25446/workspace/pico-sdk/src/rp2_common/hardware_sync/sync.c.obj
 .comment       0x0000000000000026       0x27 CMakeFiles/main.dir/home/duya25446/workspace/pico-sdk/src/rp2_common/hardware_irq/irq.c.obj
 .comment       0x0000000000000026       0x27 CMakeFiles/main.dir/home/duya25446/workspace/pico-sdk/src/common/pico_sync/lock_core.c.obj
 .comment       0x0000000000000026       0x27 CMakeFiles/main.dir/home/duya25446/workspace/pico-sdk/src/common/pico_sync/mutex.c.obj
 .comment       0x0000000000000026       0x27 CMakeFiles/main.dir/home/duya25446/workspace/pico-sdk/src/common/pico_time/time.c.obj
 .comment       0x0000000000000026       0x27 CMakeFiles/main.dir/home/duya25446/workspace/pico-sdk/src/rp2_common/hardware_timer/timer.c.obj
 .comment       0x0000000000000026       0x27 CMakeFiles/main.dir/home/duya25446/workspace/pico-sdk/src/common/pico_util/pheap.c.obj
 .comment       0x0000000000000026       0x27 CMakeFiles/main.dir/home/duya25446/workspace/pico-sdk/src/rp2_common/hardware_clocks/clocks.c.obj
 .comment       0x0000000000000026       0x27 CMakeFiles/main.dir/home/duya25446/workspace/pico-sdk/src/rp2_common/hardware_pll/pll.c.obj
 .comment       0x0000000000000026       0x27 CMakeFiles/main.dir/home/duya25446/workspace/pico-sdk/src/rp2_common/hardware_watchdog/watchdog.c.obj
 .comment       0x0000000000000026       0x27 CMakeFiles/main.dir/home/duya25446/workspace/pico-sdk/src/rp2_common/hardware_xosc/xosc.c.obj
 .comment       0x0000000000000026       0x27 CMakeFiles/main.dir/home/duya25446/workspace/pico-sdk/src/rp2_common/pico_runtime/runtime.c.obj
 .comment       0x0000000000000026       0x27 CMakeFiles/main.dir/home/duya25446/workspace/pico-sdk/src/rp2_common/pico_printf/printf.c.obj
 .comment       0x0000000000000026       0x27 CMakeFiles/main.dir/home/duya25446/workspace/pico-sdk/src/rp2_common/pico_bootrom/bootrom.c.obj
 .comment       0x0000000000000026       0x27 CMakeFiles/main.dir/home/duya25446/workspace/pico-sdk/src/rp2_common/pico_double/double_init_rom.c.obj
 .comment       0x0000000000000026       0x27 CMakeFiles/main.dir/home/duya25446/workspace/pico-sdk/src/rp2_common/pico_float/float_init_rom.c.obj
 .comment       0x0000000000000026       0x27 CMakeFiles/main.dir/home/duya25446/workspace/pico-sdk/src/rp2_common/pico_standard_link/binary_info.c.obj
 .comment       0x0000000000000026       0x27 CMakeFiles/main.dir/home/duya25446/workspace/pico-sdk/src/rp2_common/pico_stdio/stdio.c.obj
 .comment       0x0000000000000026       0x33 /usr/lib/gcc/arm-none-eabi/12.2.1/../../../arm-none-eabi/lib/thumb/v6-m/nofp/libg.a(lib_a-strlen-stub.o)
                                         0x34 (size before relaxing)
 .comment       0x0000000000000059       0x27 /usr/lib/gcc/arm-none-eabi/12.2.1/thumb/v6-m/nofp/crtend.o

.debug_info     0x0000000000000000    0x123c4
 .debug_info    0x0000000000000000      0x496 CMakeFiles/main.dir/main.c.obj
 .debug_info    0x0000000000000496     0x17d1 CMakeFiles/main.dir/home/duya25446/workspace/pico-sdk/src/rp2_common/hardware_gpio/gpio.c.obj
 .debug_info    0x0000000000001c67      0x1e3 CMakeFiles/main.dir/home/duya25446/workspace/pico-sdk/src/rp2_common/pico_platform/platform.c.obj
 .debug_info    0x0000000000001e4a      0x682 CMakeFiles/main.dir/home/duya25446/workspace/pico-sdk/src/rp2_common/hardware_claim/claim.c.obj
 .debug_info    0x00000000000024cc      0x5c3 CMakeFiles/main.dir/home/duya25446/workspace/pico-sdk/src/rp2_common/hardware_sync/sync.c.obj
 .debug_info    0x0000000000002a8f     0x1bc3 CMakeFiles/main.dir/home/duya25446/workspace/pico-sdk/src/rp2_common/hardware_irq/irq.c.obj
 .debug_info    0x0000000000004652      0x197 CMakeFiles/main.dir/home/duya25446/workspace/pico-sdk/src/common/pico_sync/lock_core.c.obj
 .debug_info    0x00000000000047e9     0x1ce9 CMakeFiles/main.dir/home/duya25446/workspace/pico-sdk/src/common/pico_sync/mutex.c.obj
 .debug_info    0x00000000000064d2     0x33ad CMakeFiles/main.dir/home/duya25446/workspace/pico-sdk/src/common/pico_time/time.c.obj
 .debug_info    0x000000000000987f     0x13ee CMakeFiles/main.dir/home/duya25446/workspace/pico-sdk/src/rp2_common/hardware_timer/timer.c.obj
 .debug_info    0x000000000000ac6d      0xe63 CMakeFiles/main.dir/home/duya25446/workspace/pico-sdk/src/common/pico_util/pheap.c.obj
 .debug_info    0x000000000000bad0      0xfb7 CMakeFiles/main.dir/home/duya25446/workspace/pico-sdk/src/rp2_common/hardware_clocks/clocks.c.obj
 .debug_info    0x000000000000ca87      0x4ed CMakeFiles/main.dir/home/duya25446/workspace/pico-sdk/src/rp2_common/hardware_pll/pll.c.obj
 .debug_info    0x000000000000cf74      0x4c5 CMakeFiles/main.dir/home/duya25446/workspace/pico-sdk/src/rp2_common/hardware_watchdog/watchdog.c.obj
 .debug_info    0x000000000000d439      0x1af CMakeFiles/main.dir/home/duya25446/workspace/pico-sdk/src/rp2_common/hardware_xosc/xosc.c.obj
 .debug_info    0x000000000000d5e8      0xf17 CMakeFiles/main.dir/home/duya25446/workspace/pico-sdk/src/rp2_common/pico_runtime/runtime.c.obj
 .debug_info    0x000000000000e4ff     0x198a CMakeFiles/main.dir/home/duya25446/workspace/pico-sdk/src/rp2_common/pico_printf/printf.c.obj
 .debug_info    0x000000000000fe89       0x23 CMakeFiles/main.dir/home/duya25446/workspace/pico-sdk/src/rp2_common/pico_bit_ops/bit_ops_aeabi.S.obj
 .debug_info    0x000000000000feac      0x301 CMakeFiles/main.dir/home/duya25446/workspace/pico-sdk/src/rp2_common/pico_bootrom/bootrom.c.obj
 .debug_info    0x00000000000101ad       0x23 CMakeFiles/main.dir/home/duya25446/workspace/pico-sdk/src/rp2_common/pico_divider/divider.S.obj
 .debug_info    0x00000000000101d0       0x23 CMakeFiles/main.dir/home/duya25446/workspace/pico-sdk/src/rp2_common/pico_double/double_aeabi.S.obj
 .debug_info    0x00000000000101f3      0x30b CMakeFiles/main.dir/home/duya25446/workspace/pico-sdk/src/rp2_common/pico_double/double_init_rom.c.obj
 .debug_info    0x00000000000104fe       0x23 CMakeFiles/main.dir/home/duya25446/workspace/pico-sdk/src/rp2_common/pico_double/double_v1_rom_shim.S.obj
 .debug_info    0x0000000000010521       0x24 CMakeFiles/main.dir/home/duya25446/workspace/pico-sdk/src/rp2_common/pico_int64_ops/pico_int64_ops_aeabi.S.obj
 .debug_info    0x0000000000010545       0x23 CMakeFiles/main.dir/home/duya25446/workspace/pico-sdk/src/rp2_common/pico_float/float_aeabi.S.obj
 .debug_info    0x0000000000010568      0x31f CMakeFiles/main.dir/home/duya25446/workspace/pico-sdk/src/rp2_common/pico_float/float_init_rom.c.obj
 .debug_info    0x0000000000010887       0x23 CMakeFiles/main.dir/home/duya25446/workspace/pico-sdk/src/rp2_common/pico_float/float_v1_rom_shim.S.obj
 .debug_info    0x00000000000108aa       0x23 CMakeFiles/main.dir/home/duya25446/workspace/pico-sdk/src/rp2_common/pico_mem_ops/mem_ops_aeabi.S.obj
 .debug_info    0x00000000000108cd       0x23 CMakeFiles/main.dir/home/duya25446/workspace/pico-sdk/src/rp2_common/pico_standard_link/crt0.S.obj
 .debug_info    0x00000000000108f0      0x288 CMakeFiles/main.dir/home/duya25446/workspace/pico-sdk/src/rp2_common/pico_standard_link/binary_info.c.obj
 .debug_info    0x0000000000010b78     0x1725 CMakeFiles/main.dir/home/duya25446/workspace/pico-sdk/src/rp2_common/pico_stdio/stdio.c.obj
 .debug_info    0x000000000001229d       0x39 /usr/lib/gcc/arm-none-eabi/12.2.1/thumb/v6-m/nofp/libgcc.a(_dvmd_tls.o)
 .debug_info    0x00000000000122d6       0xee /usr/lib/gcc/arm-none-eabi/12.2.1/../../../arm-none-eabi/lib/thumb/v6-m/nofp/libg.a(lib_a-strlen-stub.o)

.debug_abbrev   0x0000000000000000     0x3e44
 .debug_abbrev  0x0000000000000000      0x16c CMakeFiles/main.dir/main.c.obj
 .debug_abbrev  0x000000000000016c      0x3a6 CMakeFiles/main.dir/home/duya25446/workspace/pico-sdk/src/rp2_common/hardware_gpio/gpio.c.obj
 .debug_abbrev  0x0000000000000512       0xf8 CMakeFiles/main.dir/home/duya25446/workspace/pico-sdk/src/rp2_common/pico_platform/platform.c.obj
 .debug_abbrev  0x000000000000060a      0x2ce CMakeFiles/main.dir/home/duya25446/workspace/pico-sdk/src/rp2_common/hardware_claim/claim.c.obj
 .debug_abbrev  0x00000000000008d8      0x249 CMakeFiles/main.dir/home/duya25446/workspace/pico-sdk/src/rp2_common/hardware_sync/sync.c.obj
 .debug_abbrev  0x0000000000000b21      0x500 CMakeFiles/main.dir/home/duya25446/workspace/pico-sdk/src/rp2_common/hardware_irq/irq.c.obj
 .debug_abbrev  0x0000000000001021      0x116 CMakeFiles/main.dir/home/duya25446/workspace/pico-sdk/src/common/pico_sync/lock_core.c.obj
 .debug_abbrev  0x0000000000001137      0x3e8 CMakeFiles/main.dir/home/duya25446/workspace/pico-sdk/src/common/pico_sync/mutex.c.obj
 .debug_abbrev  0x000000000000151f      0x5c3 CMakeFiles/main.dir/home/duya25446/workspace/pico-sdk/src/common/pico_time/time.c.obj
 .debug_abbrev  0x0000000000001ae2      0x3d5 CMakeFiles/main.dir/home/duya25446/workspace/pico-sdk/src/rp2_common/hardware_timer/timer.c.obj
 .debug_abbrev  0x0000000000001eb7      0x290 CMakeFiles/main.dir/home/duya25446/workspace/pico-sdk/src/common/pico_util/pheap.c.obj
 .debug_abbrev  0x0000000000002147      0x434 CMakeFiles/main.dir/home/duya25446/workspace/pico-sdk/src/rp2_common/hardware_clocks/clocks.c.obj
 .debug_abbrev  0x000000000000257b      0x1e7 CMakeFiles/main.dir/home/duya25446/workspace/pico-sdk/src/rp2_common/hardware_pll/pll.c.obj
 .debug_abbrev  0x0000000000002762      0x1a8 CMakeFiles/main.dir/home/duya25446/workspace/pico-sdk/src/rp2_common/hardware_watchdog/watchdog.c.obj
 .debug_abbrev  0x000000000000290a      0x10c CMakeFiles/main.dir/home/duya25446/workspace/pico-sdk/src/rp2_common/hardware_xosc/xosc.c.obj
 .debug_abbrev  0x0000000000002a16      0x530 CMakeFiles/main.dir/home/duya25446/workspace/pico-sdk/src/rp2_common/pico_runtime/runtime.c.obj
 .debug_abbrev  0x0000000000002f46      0x38a CMakeFiles/main.dir/home/duya25446/workspace/pico-sdk/src/rp2_common/pico_printf/printf.c.obj
 .debug_abbrev  0x00000000000032d0       0x12 CMakeFiles/main.dir/home/duya25446/workspace/pico-sdk/src/rp2_common/pico_bit_ops/bit_ops_aeabi.S.obj
 .debug_abbrev  0x00000000000032e2      0x167 CMakeFiles/main.dir/home/duya25446/workspace/pico-sdk/src/rp2_common/pico_bootrom/bootrom.c.obj
 .debug_abbrev  0x0000000000003449       0x12 CMakeFiles/main.dir/home/duya25446/workspace/pico-sdk/src/rp2_common/pico_divider/divider.S.obj
 .debug_abbrev  0x000000000000345b       0x12 CMakeFiles/main.dir/home/duya25446/workspace/pico-sdk/src/rp2_common/pico_double/double_aeabi.S.obj
 .debug_abbrev  0x000000000000346d      0x1c3 CMakeFiles/main.dir/home/duya25446/workspace/pico-sdk/src/rp2_common/pico_double/double_init_rom.c.obj
 .debug_abbrev  0x0000000000003630       0x12 CMakeFiles/main.dir/home/duya25446/workspace/pico-sdk/src/rp2_common/pico_double/double_v1_rom_shim.S.obj
 .debug_abbrev  0x0000000000003642       0x14 CMakeFiles/main.dir/home/duya25446/workspace/pico-sdk/src/rp2_common/pico_int64_ops/pico_int64_ops_aeabi.S.obj
 .debug_abbrev  0x0000000000003656       0x12 CMakeFiles/main.dir/home/duya25446/workspace/pico-sdk/src/rp2_common/pico_float/float_aeabi.S.obj
 .debug_abbrev  0x0000000000003668      0x1c6 CMakeFiles/main.dir/home/duya25446/workspace/pico-sdk/src/rp2_common/pico_float/float_init_rom.c.obj
 .debug_abbrev  0x000000000000382e       0x12 CMakeFiles/main.dir/home/duya25446/workspace/pico-sdk/src/rp2_common/pico_float/float_v1_rom_shim.S.obj
 .debug_abbrev  0x0000000000003840       0x12 CMakeFiles/main.dir/home/duya25446/workspace/pico-sdk/src/rp2_common/pico_mem_ops/mem_ops_aeabi.S.obj
 .debug_abbrev  0x0000000000003852       0x12 CMakeFiles/main.dir/home/duya25446/workspace/pico-sdk/src/rp2_common/pico_standard_link/crt0.S.obj
 .debug_abbrev  0x0000000000003864       0xb8 CMakeFiles/main.dir/home/duya25446/workspace/pico-sdk/src/rp2_common/pico_standard_link/binary_info.c.obj
 .debug_abbrev  0x000000000000391c      0x47a CMakeFiles/main.dir/home/duya25446/workspace/pico-sdk/src/rp2_common/pico_stdio/stdio.c.obj
 .debug_abbrev  0x0000000000003d96       0x1f /usr/lib/gcc/arm-none-eabi/12.2.1/thumb/v6-m/nofp/libgcc.a(_dvmd_tls.o)
 .debug_abbrev  0x0000000000003db5       0x8f /usr/lib/gcc/arm-none-eabi/12.2.1/../../../arm-none-eabi/lib/thumb/v6-m/nofp/libg.a(lib_a-strlen-stub.o)

.debug_loclists
                0x0000000000000000     0x70c0
 .debug_loclists
                0x0000000000000000       0x32 CMakeFiles/main.dir/main.c.obj
 .debug_loclists
                0x0000000000000032      0x9c2 CMakeFiles/main.dir/home/duya25446/workspace/pico-sdk/src/rp2_common/hardware_gpio/gpio.c.obj
 .debug_loclists
                0x00000000000009f4       0x9f CMakeFiles/main.dir/home/duya25446/workspace/pico-sdk/src/rp2_common/pico_platform/platform.c.obj
 .debug_loclists
                0x0000000000000a93      0x27b CMakeFiles/main.dir/home/duya25446/workspace/pico-sdk/src/rp2_common/hardware_claim/claim.c.obj
 .debug_loclists
                0x0000000000000d0e      0x157 CMakeFiles/main.dir/home/duya25446/workspace/pico-sdk/src/rp2_common/hardware_sync/sync.c.obj
 .debug_loclists
                0x0000000000000e65      0xc84 CMakeFiles/main.dir/home/duya25446/workspace/pico-sdk/src/rp2_common/hardware_irq/irq.c.obj
 .debug_loclists
                0x0000000000001ae9       0x4a CMakeFiles/main.dir/home/duya25446/workspace/pico-sdk/src/common/pico_sync/lock_core.c.obj
 .debug_loclists
                0x0000000000001b33      0x9bf CMakeFiles/main.dir/home/duya25446/workspace/pico-sdk/src/common/pico_sync/mutex.c.obj
 .debug_loclists
                0x00000000000024f2     0x12c0 CMakeFiles/main.dir/home/duya25446/workspace/pico-sdk/src/common/pico_time/time.c.obj
 .debug_loclists
                0x00000000000037b2      0x63d CMakeFiles/main.dir/home/duya25446/workspace/pico-sdk/src/rp2_common/hardware_timer/timer.c.obj
 .debug_loclists
                0x0000000000003def      0x690 CMakeFiles/main.dir/home/duya25446/workspace/pico-sdk/src/common/pico_util/pheap.c.obj
 .debug_loclists
                0x000000000000447f      0x502 CMakeFiles/main.dir/home/duya25446/workspace/pico-sdk/src/rp2_common/hardware_clocks/clocks.c.obj
 .debug_loclists
                0x0000000000004981      0x1f0 CMakeFiles/main.dir/home/duya25446/workspace/pico-sdk/src/rp2_common/hardware_pll/pll.c.obj
 .debug_loclists
                0x0000000000004b71      0x1c7 CMakeFiles/main.dir/home/duya25446/workspace/pico-sdk/src/rp2_common/hardware_watchdog/watchdog.c.obj
 .debug_loclists
                0x0000000000004d38       0x48 CMakeFiles/main.dir/home/duya25446/workspace/pico-sdk/src/rp2_common/hardware_xosc/xosc.c.obj
 .debug_loclists
                0x0000000000004d80      0x36a CMakeFiles/main.dir/home/duya25446/workspace/pico-sdk/src/rp2_common/pico_runtime/runtime.c.obj
 .debug_loclists
                0x00000000000050ea     0x1640 CMakeFiles/main.dir/home/duya25446/workspace/pico-sdk/src/rp2_common/pico_printf/printf.c.obj
 .debug_loclists
                0x000000000000672a      0x12f CMakeFiles/main.dir/home/duya25446/workspace/pico-sdk/src/rp2_common/pico_bootrom/bootrom.c.obj
 .debug_loclists
                0x0000000000006859       0x41 CMakeFiles/main.dir/home/duya25446/workspace/pico-sdk/src/rp2_common/pico_double/double_init_rom.c.obj
 .debug_loclists
                0x000000000000689a       0x4f CMakeFiles/main.dir/home/duya25446/workspace/pico-sdk/src/rp2_common/pico_float/float_init_rom.c.obj
 .debug_loclists
                0x00000000000068e9      0x7d7 CMakeFiles/main.dir/home/duya25446/workspace/pico-sdk/src/rp2_common/pico_stdio/stdio.c.obj

.debug_aranges  0x0000000000000000      0xef8
 .debug_aranges
                0x0000000000000000       0x20 CMakeFiles/main.dir/main.c.obj
 .debug_aranges
                0x0000000000000020      0x100 CMakeFiles/main.dir/home/duya25446/workspace/pico-sdk/src/rp2_common/hardware_gpio/gpio.c.obj
 .debug_aranges
                0x0000000000000120       0x28 CMakeFiles/main.dir/home/duya25446/workspace/pico-sdk/src/rp2_common/pico_platform/platform.c.obj
 .debug_aranges
                0x0000000000000148       0x48 CMakeFiles/main.dir/home/duya25446/workspace/pico-sdk/src/rp2_common/hardware_claim/claim.c.obj
 .debug_aranges
                0x0000000000000190       0x58 CMakeFiles/main.dir/home/duya25446/workspace/pico-sdk/src/rp2_common/hardware_sync/sync.c.obj
 .debug_aranges
                0x00000000000001e8       0xd0 CMakeFiles/main.dir/home/duya25446/workspace/pico-sdk/src/rp2_common/hardware_irq/irq.c.obj
 .debug_aranges
                0x00000000000002b8       0x20 CMakeFiles/main.dir/home/duya25446/workspace/pico-sdk/src/common/pico_sync/lock_core.c.obj
 .debug_aranges